Archive member included because of file (symbol)

../../../lib/osd/quantracker_air_system.a(tasks.o)
                              obj/fsk_task.o (xTaskGenericCreate)
../../../lib/osd/quantracker_air_system.a(queue.o)
                              obj/setup.o (xQueueGenericCreate)
../../../lib/osd/quantracker_air_system.a(list.o)
                              ../../../lib/osd/quantracker_air_system.a(tasks.o) (vListInitialise)
../../../lib/osd/quantracker_air_system.a(timers.o)
                              ../../../lib/osd/quantracker_air_system.a(tasks.o) (xTimerCreateTimerTask)
../../../lib/osd/quantracker_air_system.a(malloc_free.o)
                              obj/frsky_task.o (quan::malloc(unsigned int))
../../../lib/osd/quantracker_air_system.a(startup.o)
                              (Reset_Handler)
../../../lib/osd/quantracker_air_system.a(system_init.o)
                              ../../../lib/osd/quantracker_air_system.a(startup.o) (SystemInit)
../../../lib/osd/quantracker_air_system.a(port.o)
                              ../../../lib/osd/quantracker_air_system.a(tasks.o) (pxPortInitialiseStack)
../../../lib/osd/quantracker_air_system.a(heap_3.o)
                              ../../../lib/osd/quantracker_air_system.a(tasks.o) (pvPortMalloc)
../../../lib/osd/quantracker_air_system.a(rtos_hooks.o)
                              ../../../lib/osd/quantracker_air_system.a(tasks.o) (vApplicationIdleHook)
../../../lib/osd/quantracker_air_system.a(spbrk.o)
                              (_sbrk)
../../../lib/osd/quantracker_air_system.a(system.o)
                              obj/bitmaps.o (__cxa_pure_virtual)
../../../lib/osd/quantracker_air_osd.a(lib_video_setup.o)
                              obj/setup.o (osd_setup())
../../../lib/osd/quantracker_air_osd.a(lib_graphics_api.o)
                              obj/draw_compass.o (quan::uav::osd::get_size(quan::uav::osd::basic_font const*))
../../../lib/osd/quantracker_air_osd.a(lib_draw_task.o)
                              obj/main.o (create_draw_task())
../../../lib/osd/quantracker_air_osd.a(lib_sync_sep.o)
                              obj/symbology.o (quan::uav::osd::get_video_mode())
../../../lib/osd/quantracker_air_osd.a(lib_dac.o)
                              ../../../lib/osd/quantracker_air_osd.a(lib_video_setup.o) (detail::video_palette_dac_setup())
../../../lib/osd/quantracker_air_osd.a(lib_led.o)
                              ../../../lib/osd/quantracker_air_osd.a(lib_video_setup.o) (detail::setup_leds())
../../../lib/osd/quantracker_air_osd.a(lib_osd_state.o)
                              ../../../lib/osd/quantracker_air_osd.a(lib_video_setup.o) (osd_state::set(osd_state::state_t))
../../../lib/osd/quantracker_air_osd.a(misc.o)
                              ../../../lib/osd/quantracker_air_osd.a(lib_video_setup.o) (NVIC_PriorityGroupConfig)
../../../lib/osd/quantracker_air_osd.a(lib_video_buffer.o)
                              ../../../lib/osd/quantracker_air_osd.a(lib_video_setup.o) (video_buffers::init())
../../../lib/osd/quantracker_air_osd.a(lib_video_column.o)
                              ../../../lib/osd/quantracker_air_osd.a(lib_draw_task.o) (detail::create_osd_swap_semaphores())
../../../lib/osd/quantracker_air_osd.a(lib_video_row.o)
                              ../../../lib/osd/quantracker_air_osd.a(lib_video_setup.o) (video_cfg::rows::takedown())
../../../lib/osd/quantracker_air_osd.a(lib_video_pixel.o)
                              ../../../lib/osd/quantracker_air_osd.a(lib_video_setup.o) (video_cfg::spi_clock::takedown())
../../../lib/osd/quantracker_air_osd.a(lib_video_spi.o)
                              ../../../lib/osd/quantracker_air_osd.a(lib_video_setup.o) (detail::spi_setup())
../../../lib/osd/quantracker_air_osd.a(lib_video_dma.o)
                              ../../../lib/osd/quantracker_air_osd.a(lib_video_setup.o) (detail::pixel_dma_setup())
../../../lib/osd/quantracker_air_osd.a(lib_internal_video_mode.o)
                              ../../../lib/osd/quantracker_air_osd.a(lib_video_row.o) (detail::internal_video_mode_setup())
../../../lib/osd/quantracker_air_graphics_api.a(draw_arc.o)
                              obj/draw_compass.o (quan::uav::osd::draw_arc(long, quan::two_d::vect<long> const&, quan::fraction_of_revolution<quan::meta::rational<1ll, 1ll>, quan::meta::rational<360ll, 1ll>, float> const&, quan::fraction_of_revolution<quan::meta::rational<1ll, 1ll>, quan::meta::rational<360ll, 1ll>, float> const&, quan::uav::osd::colour_type))
../../../lib/osd/quantracker_air_graphics_api.a(draw_bitmap.o)
                              obj/draw_altitude.o (quan::uav::osd::draw_bitmap(quan::uav::osd::basic_bitmap const*, quan::two_d::vect<long> const&))
../../../lib/osd/quantracker_air_graphics_api.a(draw_circle.o)
                              obj/draw_artificial_horizon.o (quan::uav::osd::draw_circle(long, quan::two_d::vect<long> const&, quan::uav::osd::colour_type))
[...]
Memory Configuration

Name             Origin             Length             Attributes
start_vector     0x08000000         0x00004000         xr
flash            0x08004000         0x00008000         a
rom              0x0800c000         0x000f4000         xr
ram              0x10000000         0x00010000         xrw
heap_ram         0x20000000         0x00012000         rw
video_ram        0x20012000         0x0000d000         rw
telem_ram        0x2001f000         0x00001000         rw
*default*        0x00000000         0xffffffff

Linker script and memory map

LOAD /opt/gcc-arm-none-eabi-4_8-2013q4//lib/gcc/arm-none-eabi/4.8.3/armv7e-m/fpu/crti.o
LOAD /opt/gcc-arm-none-eabi-4_8-2013q4//lib/gcc/arm-none-eabi/4.8.3/armv7e-m/fpu/crtn.o
LOAD obj/main.o
LOAD obj/setup.o
LOAD obj/serial_port.o
LOAD obj/fsk_output.o
LOAD obj/fsk_task.o
LOAD obj/frsky_task.o
LOAD obj/frsky_zapp1.o
LOAD obj/mavlink_task.o
LOAD obj/settings.o
LOAD obj/heartbeat_task.o
LOAD obj/mode_check.o
LOAD obj/board_graphics_api.o
LOAD obj/bitmaps.o
LOAD obj/fonts.o
LOAD obj/on_draw.o
LOAD obj/draw_altitude.o
LOAD obj/draw_artificial_horizon.o
LOAD obj/draw_compass.o
LOAD obj/draw_home.o
LOAD obj/draw_gps_state.o
LOAD obj/draw_batteries.o
LOAD obj/symbology.o
LOAD obj/flash.o
LOAD obj/aircraft.o
LOAD obj/draw_lat_lon.o
LOAD obj/draw_mode.o
LOAD obj/draw_speed.o
LOAD obj/osd_control.o
LOAD obj/graphics_api_extras.o
LOAD obj/draw_heading.o
LOAD obj/draw_nav.o
LOAD obj/draw_map.o
LOAD obj/angle_limits.o
LOAD ../../../lib/osd/quantracker_air_system.a
LOAD ../../../lib/osd/quantracker_air_osd.a
LOAD ../../../lib/osd/quantracker_air_graphics_api.a
LOAD ../../../lib/osd/flash_variables.a
                0x00012000                _HeapSize = 0x12000
                0x00008000                _MinStackSize = 0x8000

.isr_vector     0x08000000      0x188
                0x08000000                . = ALIGN (0x4)
 *(.isr_vector)
 .isr_vector    0x08000000      0x188 ../../../lib/osd/quantracker_air_system.a(startup.o)
                0x08000000                g_pfnVectors
                0x08000188                . = ALIGN (0x4)

.preinit_array  0x08000188        0x0
                0x08000188                PROVIDE (__preinit_array_start, .)
 *(.preinit_array*)
                0x08000188                PROVIDE (__preinit_array_end, .)

.init_array     0x08000188       0x24
                0x08000188                PROVIDE (__init_array_start, .)
 *(SORT(.init_array.*))
 *(.init_array*)
 .init_array    0x08000188        0x4 obj/fsk_output.o
 .init_array    0x0800018c        0x4 obj/frsky_zapp1.o
 .init_array    0x08000190        0x4 obj/bitmaps.o
 .init_array    0x08000194        0x4 obj/fonts.o
 .init_array    0x08000198        0x4 obj/flash.o
 .init_array    0x0800019c        0x4 obj/aircraft.o
 .init_array    0x080001a0        0x4 ../../../lib/osd/quantracker_air_osd.a(lib_dac.o)
 .init_array    0x080001a4        0x4 ../../../lib/osd/quantracker_air_osd.a(lib_video_buffer.o)
 .init_array    0x080001a8        0x4 ../../../lib/osd/flash_variables.a(quan_generic_flash_error.o)
                0x080001ac                PROVIDE (__init_array_end, .)

.fini_array     0x080001ac        0x0
                0x080001ac                PROVIDE (__fini_array_start, .)
 *(.fini_array*)
 *(SORT(.fini_array.*))
                0x080001ac                PROVIDE (__fini_array_end, .)

.flash_memory   0x08004000     0x8000
                0x08004000                . = ALIGN (0x10)
 *(.flash_memory)
 FILL mask 0xffff
                0x08004000                _FLASH_PAGE1 = .
                0x08008000                . = (. + 0x4000)
 *fill*         0x08004000     0x4000 ffff
                0x08008000                . = ALIGN (0x10)
                0x08008000                _FLASH_PAGE2 = .
                0x0800c000                . = (. + 0x4000)
 *fill*         0x08008000     0x4000 ffff

.text           0x0800c000    0x256c8
                0x0800c000                . = ALIGN (0x4)
 *(.text)
 .text          0x0800c000      0x134 /opt/gcc-arm-none-eabi-4_8-2013q4/bin/../lib/gcc/arm-none-eabi/4.8.3/../../../../arm-none-eabi/lib/armv7e-m/fpu/libc.a(lib_a-memcpy.o)
                0x0800c000                memcpy
 .text          0x0800c134      0x21c /opt/gcc-arm-none-eabi-4_8-2013q4/bin/../lib/gcc/arm-none-eabi/4.8.3/../../../../arm-none-eabi/lib/armv7e-m/fpu/libc.a(lib_a-strcmp.o)
                0x0800c134                strcmp
 .text          0x0800c350      0x370 /opt/gcc-arm-none-eabi-4_8-2013q4/bin/../lib/gcc/arm-none-eabi/4.8.3/armv7e-m/fpu/libgcc.a(_arm_addsubdf3.o)
                0x0800c350                __aeabi_drsub
                0x0800c358                __aeabi_dsub
                0x0800c358                __subdf3
                0x0800c35c                __adddf3
                0x0800c35c                __aeabi_dadd
                0x0800c5d4                __aeabi_ui2d
                0x0800c5d4                __floatunsidf
                0x0800c5f4                __floatsidf
                0x0800c5f4                __aeabi_i2d
                0x0800c618                __extendsfdf2
                0x0800c618                __aeabi_f2d
                0x0800c654                __aeabi_ul2d
                0x0800c654                __floatundidf
                0x0800c664                __floatdidf
                0x0800c664                __aeabi_l2d
 .text          0x0800c6c0      0x424 /opt/gcc-arm-none-eabi-4_8-2013q4/bin/../lib/gcc/arm-none-eabi/4.8.3/armv7e-m/fpu/libgcc.a(_arm_muldivdf3.o)
                0x0800c6c0                __aeabi_dmul
                0x0800c6c0                __muldf3
                0x0800c914                __aeabi_ddiv
                0x0800c914                __divdf3
 .text          0x0800cae4      0x110 /opt/gcc-arm-none-eabi-4_8-2013q4/bin/../lib/gcc/arm-none-eabi/4.8.3/armv7e-m/fpu/libgcc.a(_arm_cmpdf2.o)
                0x0800cae4                __gtdf2
                0x0800cae4                __gedf2
                0x0800caec                __ltdf2
                0x0800caec                __ledf2
                0x0800caf4                __cmpdf2
                0x0800caf4                __eqdf2
                0x0800caf4                __nedf2
                0x0800cb70                __aeabi_cdrcmple
                0x0800cb80                __aeabi_cdcmple
                0x0800cb80                __aeabi_cdcmpeq
                0x0800cb90                __aeabi_dcmpeq
                0x0800cba4                __aeabi_dcmplt
                0x0800cbb8                __aeabi_dcmple
                0x0800cbcc                __aeabi_dcmpge
                0x0800cbe0                __aeabi_dcmpgt
 .text          0x0800cbf4       0x50 /opt/gcc-arm-none-eabi-4_8-2013q4/bin/../lib/gcc/arm-none-eabi/4.8.3/armv7e-m/fpu/libgcc.a(_arm_fixdfsi.o)
                0x0800cbf4                __fixdfsi
                0x0800cbf4                __aeabi_d2iz
 .text          0x0800cc44       0xa0 /opt/gcc-arm-none-eabi-4_8-2013q4/bin/../lib/gcc/arm-none-eabi/4.8.3/armv7e-m/fpu/libgcc.a(_arm_truncdfsf2.o)
                0x0800cc44                __aeabi_d2f
                0x0800cc44                __truncdfsf2
 .text          0x0800cce4      0x21c /opt/gcc-arm-none-eabi-4_8-2013q4/bin/../lib/gcc/arm-none-eabi/4.8.3/armv7e-m/fpu/libgcc.a(_arm_addsubsf3.o)
                0x0800cce4                __aeabi_frsub
                0x0800ccec                __subsf3
                0x0800ccec                __aeabi_fsub
                0x0800ccf0                __aeabi_fadd
                0x0800ccf0                __addsf3
                0x0800ce50                __aeabi_ui2f
                0x0800ce50                __floatunsisf
                0x0800ce58                __aeabi_i2f
                0x0800ce58                __floatsisf
                0x0800ce74                __floatundisf
                0x0800ce74                __aeabi_ul2f
                0x0800ce84                __floatdisf
                0x0800ce84                __aeabi_l2f
 .text          0x0800cf00       0x2c /opt/gcc-arm-none-eabi-4_8-2013q4/bin/../lib/gcc/arm-none-eabi/4.8.3/armv7e-m/fpu/libgcc.a(_aeabi_uldivmod.o)
                0x0800cf00                __aeabi_uldivmod
 .text          0x0800cf2c       0x60 /opt/gcc-arm-none-eabi-4_8-2013q4/bin/../lib/gcc/arm-none-eabi/4.8.3/armv7e-m/fpu/libgcc.a(bpabi.o)
                0x0800cf2c                __gnu_ldivmod_helper
                0x0800cf5c                __gnu_uldivmod_helper
 .text          0x0800cf8c        0x4 /opt/gcc-arm-none-eabi-4_8-2013q4/bin/../lib/gcc/arm-none-eabi/4.8.3/armv7e-m/fpu/libgcc.a(_dvmd_tls.o)
                0x0800cf8c                __aeabi_ldiv0
                0x0800cf8c                __aeabi_idiv0
 .text          0x0800cf90      0x298 /opt/gcc-arm-none-eabi-4_8-2013q4/bin/../lib/gcc/arm-none-eabi/4.8.3/armv7e-m/fpu/libgcc.a(_divdi3.o)
                0x0800cf90                __divdi3
 .text          0x0800d228      0x284 /opt/gcc-arm-none-eabi-4_8-2013q4/bin/../lib/gcc/arm-none-eabi/4.8.3/armv7e-m/fpu/libgcc.a(_udivdi3.o)
                0x0800d228                __udivdi3
 *(.text*)
 .text.startup.main
                0x0800d4ac       0x6c obj/main.o
                0x0800d4ac                main
 .text.setup    0x0800d518      0x310 obj/setup.o
                0x0800d518                setup
 .text.USART3_IRQHandler
                0x0800d828       0x9c obj/serial_port.o
                0x0800d828                USART3_IRQHandler
 .text.USART1_IRQHandler
                0x0800d8c4       0x9c obj/serial_port.o
                0x0800d8c4                USART1_IRQHandler
 .text._ZN3fsk5writeEPKcj
                0x0800d960       0x90 obj/fsk_output.o
                0x0800d960                fsk::write(char const*, unsigned int)
 .text._ZN3fsk5setupEv
                0x0800d9f0       0xa8 obj/fsk_output.o
                0x0800d9f0                fsk::setup()
 .text.TIM6_DAC_IRQHandler
                0x0800da98      0x25c obj/fsk_output.o
                0x0800da98                TIM6_DAC_IRQHandler
 .text.startup._GLOBAL__sub_I__ZN3fsk3putEc
                0x0800dcf4       0x14 obj/fsk_output.o
 .text._ZN3fsk12send_messageEv
                0x0800dd08      0x250 obj/fsk_task.o
                0x0800dd08                fsk::send_message()
 .text._ZN3fsk8fsk_taskEPv
                0x0800df58       0x1c obj/fsk_task.o
                0x0800df58                fsk::fsk_task(void*)
 .text._Z15create_fsk_taskv
                0x0800df74       0x38 obj/fsk_task.o
                0x0800df74                create_fsk_task()
 .text._ZN4quan5stm325flash12symbol_table16on_malloc_failedEv
                0x0800dfac        0x4 obj/frsky_task.o
                0x0800dfac                quan::stm32::flash::symbol_table::on_malloc_failed()
 .text._ZN5frsky10frsky_taskEPv
                0x0800dfb0      0x10c obj/frsky_task.o
                0x0800dfb0                frsky::frsky_task(void*)
 .text._Z17create_frsky_taskv
                0x0800e0bc       0x38 obj/frsky_task.o
                0x0800e0bc                create_frsky_task()
 .text._ZN12_GLOBAL__N_110zapp1_impl14create_messageIlE6assignERKl.isra.0
                0x0800e0f4       0x5c obj/frsky_zapp1.o
 .text._ZN12_GLOBAL__N_110zapp1_impl15update_alt_msg3Ev
                0x0800e150       0x94 obj/frsky_zapp1.o
 .text._ZN12_GLOBAL__N_110zapp1_impl15update_lat_msg2Ev
                0x0800e1e4       0x94 obj/frsky_zapp1.o
 .text._ZN12_GLOBAL__N_110zapp1_impl15update_lat_msg3Ev
                0x0800e278       0x94 obj/frsky_zapp1.o
 .text._ZN12_GLOBAL__N_110zapp1_impl15update_lon_msg2Ev
                0x0800e30c       0x94 obj/frsky_zapp1.o
 .text._ZN12_GLOBAL__N_110zapp1_impl15update_lon_msg3Ev
                0x0800e3a0       0x94 obj/frsky_zapp1.o
 .text._ZN12_GLOBAL__N_110zapp1_impl15update_alt_msg2Ev
                0x0800e434       0x94 obj/frsky_zapp1.o
 .text._ZN12_GLOBAL__N_110zapp1_impl15update_lat_msg1Ev
                0x0800e4c8      0x158 obj/frsky_zapp1.o
 .text._ZN12_GLOBAL__N_110zapp1_impl15update_lon_msg1Ev
                0x0800e620      0x158 obj/frsky_zapp1.o
 .text._ZN12_GLOBAL__N_110zapp1_impl15update_alt_msg1Ev
                0x0800e778      0x238 obj/frsky_zapp1.o
 .text._ZN5zapp118frsky_send_messageEv
                0x0800e9b0       0x7c obj/frsky_zapp1.o
                0x0800e9b0                zapp1::frsky_send_message()
 .text.startup._GLOBAL__sub_I__ZN5zapp118frsky_send_messageEv
                0x0800ea2c       0x44 obj/frsky_zapp1.o
 .text._ZN12_GLOBAL__N_112read_mavlinkEPv
                0x0800ea70      0xbc0 obj/mavlink_task.o
 .text._Z19create_mavlink_taskv
                0x0800f630       0x74 obj/mavlink_task.o
                0x0800f630                create_mavlink_task()
 .text._ZN12_GLOBAL__N_114heartbeat_taskEPv
                0x0800f6a4       0x38 obj/heartbeat_task.o
 .text._Z20signal_new_heartbeatv
                0x0800f6dc       0x14 obj/heartbeat_task.o
                0x0800f6dc                signal_new_heartbeat()
 .text._Z21create_heartbeat_taskv
                0x0800f6f0       0x74 obj/heartbeat_task.o
                0x0800f6f0                create_heartbeat_task()
 .text._ZN4quan12user_messageEPKc
                0x0800f764       0x38 obj/mode_check.o
                0x0800f764                quan::user_message(char const*)
 .text._ZN4quan13user_in_availEv
                0x0800f79c       0x10 obj/mode_check.o
                0x0800f79c                quan::user_in_avail()
 .text._ZN4quan8user_getEv
                0x0800f7ac       0x20 obj/mode_check.o
                0x0800f7ac                quan::user_get()
 .text._ZN4quan15user_flush_sptxEv
                0x0800f7cc       0x10 obj/mode_check.o
                0x0800f7cc                quan::user_flush_sptx()
 .text._ZN4quan5stm3216serial_port_liteINS0_5usart6moduleILm1073811456EEENS_3mcu3pinINS0_4gpio6moduleILm1073872896EEELm9EEENS6_IS9_Lm10EEEE5writeEPKc
                0x0800f7dc       0x2c obj/mode_check.o
                0x0800f7dc                quan::stm32::serial_port_lite<quan::stm32::usart::module<1073811456ul>, quan::mcu::pin<quan::stm32::gpio::module<1073872896ul>, 9ul>, quan::mcu::pin<quan::stm32::gpio::module<1073872896ul>, 10ul> >::write(char const*)
 .text._Z10mode_checkv
                0x0800f808      0x1b0 obj/mode_check.o
                0x0800f808                mode_check()
 .text._ZN4quan3uav3osd21get_aircraft_positionEv
                0x0800f9b8       0x28 obj/board_graphics_api.o
                0x0800f9b8                quan::uav::osd::get_aircraft_position()
 .text._ZN4quan3uav3osd17get_home_positionEv
                0x0800f9e0       0x28 obj/board_graphics_api.o
                0x0800f9e0                quan::uav::osd::get_home_position()
 .text._ZN4quan3uav3osd21get_aircraft_attitudeEv
                0x0800fa08       0x28 obj/board_graphics_api.o
                0x0800fa08                quan::uav::osd::get_aircraft_attitude()
 .text._ZN4quan3uav3osd20get_aircraft_headingEv
                0x0800fa30        0xc obj/board_graphics_api.o
                0x0800fa30                quan::uav::osd::get_aircraft_heading()
 .text._ZN4quan3uav3osd16position_is_goodEv
                0x0800fa3c       0x14 obj/board_graphics_api.o
                0x0800fa3c                quan::uav::osd::position_is_good()
 .text._ZN4quan3uav3osd20home_position_is_setEv
                0x0800fa50        0xc obj/board_graphics_api.o
                0x0800fa50                quan::uav::osd::home_position_is_set()
 .text._ZN4quan3uav3osd17set_home_positionERKNS0_8positionINS_22fraction_of_revolutionINS_4meta8rationalILx1ELx1EEENS5_ILx3600000000ELx1EEElEENS_14fixed_quantityINS4_4unitINS4_17abstract_quantityINS4_9dimensionIS6_NS5_ILx0ELx1EEESD_SD_SD_SD_SD_EENS4_10components9of_lengthEEENS4_17conversion_factorINS5_ILxn3ELx1EEES6_NS4_5int32ILl0EEEEEEEfEEEEb
                0x0800fa5c       0x40 obj/board_graphics_api.o
                0x0800fa5c                quan::uav::osd::set_home_position(quan::uav::position<quan::fraction_of_revolution<quan::meta::rational<1ll, 1ll>, quan::meta::rational<3600000000ll, 1ll>, long>, quan::fixed_quantity<quan::meta::unit<quan::meta::abstract_quantity<quan::meta::dimension<quan::meta::rational<1ll, 1ll>, quan::meta::rational<0ll, 1ll>, quan::meta::rational<0ll, 1ll>, quan::meta::rational<0ll, 1ll>, quan::meta::rational<0ll, 1ll>, quan::meta::rational<0ll, 1ll>, quan::meta::rational<0ll, 1ll> >, quan::meta::components::of_length>, quan::meta::conversion_factor<quan::meta::rational<-3ll, 1ll>, quan::meta::rational<1ll, 1ll>, quan::meta::int32<0l> > >, float> > const&, bool)
 .text._ZN4quan3uav3osd17read_gps_fix_typeEv
                0x0800fa9c        0xc obj/board_graphics_api.o
                0x0800fa9c                quan::uav::osd::read_gps_fix_type()
 .text._ZN4quan3uav3osd17read_gps_num_satsEv
                0x0800faa8        0xc obj/board_graphics_api.o
                0x0800faa8                quan::uav::osd::read_gps_num_sats()
 .text._ZN4quan3uav3osd19get_battery_voltageEh
                0x0800fab4        0xc obj/board_graphics_api.o
                0x0800fab4                quan::uav::osd::get_battery_voltage(unsigned char)
 .text._ZN4quan3uav3osd20get_current_wp_indexEv
                0x0800fac0        0xc obj/board_graphics_api.o
                0x0800fac0                quan::uav::osd::get_current_wp_index()
 .text._ZN4quan3uav3osd17get_num_wp_loadedEv
                0x0800facc        0xc obj/board_graphics_api.o
                0x0800facc                quan::uav::osd::get_num_wp_loaded()
 .text._ZN4quan3uav3osd19get_current_wp_distEv
                0x0800fad8        0xc obj/board_graphics_api.o
                0x0800fad8                quan::uav::osd::get_current_wp_dist()
 .text._ZN4quan3uav3osd22get_current_wp_bearingEv
                0x0800fae4       0x10 obj/board_graphics_api.o
                0x0800fae4                quan::uav::osd::get_current_wp_bearing()
 .text._ZN4quan3uav3osd12basic_bitmapD2Ev
                0x0800faf4        0xc obj/bitmaps.o
                0x0800faf4                quan::uav::osd::basic_bitmap::~basic_bitmap()
                0x0800faf4                quan::uav::osd::basic_bitmap::~basic_bitmap()
 .text._ZNK12_GLOBAL__N_118compass_arrow_type8get_dataEv
                0x0800fb00        0x8 obj/bitmaps.o
 .text._ZNK12_GLOBAL__N_118compass_arrow_type8get_sizeEv
                0x0800fb08        0xc obj/bitmaps.o
 .text._ZNK12_GLOBAL__N_115home_arrow_type8get_dataEv
                0x0800fb14        0x8 obj/bitmaps.o
 .text._ZNK12_GLOBAL__N_115home_arrow_type8get_sizeEv
                0x0800fb1c        0xc obj/bitmaps.o
 .text._ZNK12_GLOBAL__N_115home_image_type8get_dataEv
                0x0800fb28        0x8 obj/bitmaps.o
 .text._ZNK12_GLOBAL__N_115home_image_type8get_sizeEv
                0x0800fb30        0xc obj/bitmaps.o
 .text._ZNK12_GLOBAL__N_120satellite_image_type8get_dataEv
                0x0800fb3c        0x8 obj/bitmaps.o
 .text._ZNK12_GLOBAL__N_120satellite_image_type8get_sizeEv
                0x0800fb44        0xc obj/bitmaps.o
 .text._ZNK12_GLOBAL__N_120altitude_symbol_type8get_dataEv
                0x0800fb50        0x8 obj/bitmaps.o
 .text._ZNK12_GLOBAL__N_120altitude_symbol_type8get_sizeEv
                0x0800fb58        0xc obj/bitmaps.o
 .text._ZN12_GLOBAL__N_120altitude_symbol_typeD2Ev
                0x0800fb64        0xc obj/bitmaps.o
 .text._ZN12_GLOBAL__N_120satellite_image_typeD2Ev
                0x0800fb70        0xc obj/bitmaps.o
 .text._ZN12_GLOBAL__N_115home_image_typeD2Ev
                0x0800fb7c        0xc obj/bitmaps.o
 .text._ZN12_GLOBAL__N_115home_arrow_typeD2Ev
                0x0800fb88        0xc obj/bitmaps.o
 .text._ZN12_GLOBAL__N_118compass_arrow_typeD2Ev
                0x0800fb94        0xc obj/bitmaps.o
 .text._ZN4quan3uav3osd12basic_bitmapD0Ev
                0x0800fba0       0x14 obj/bitmaps.o
                0x0800fba0                quan::uav::osd::basic_bitmap::~basic_bitmap()
 .text._ZN12_GLOBAL__N_120altitude_symbol_typeD0Ev
                0x0800fbb4       0x14 obj/bitmaps.o
 .text._ZN12_GLOBAL__N_120satellite_image_typeD0Ev
                0x0800fbc8       0x14 obj/bitmaps.o
 .text._ZN12_GLOBAL__N_115home_image_typeD0Ev
                0x0800fbdc       0x14 obj/bitmaps.o
 .text._ZN12_GLOBAL__N_115home_arrow_typeD0Ev
                0x0800fbf0       0x14 obj/bitmaps.o
 .text._ZN12_GLOBAL__N_118compass_arrow_typeD0Ev
                0x0800fc04       0x14 obj/bitmaps.o
 .text._ZN4quan3uav3osd10get_bitmapEm
                0x0800fc18       0x14 obj/bitmaps.o
                0x0800fc18                quan::uav::osd::get_bitmap(unsigned long)
 .text.startup._GLOBAL__sub_I__ZN4quan3uav3osd10get_bitmapEm
                0x0800fc2c       0x90 obj/bitmaps.o
 .text._ZN4quan3uav3osd10basic_fontD2Ev
                0x0800fcbc        0xc obj/fonts.o
                0x0800fcbc                quan::uav::osd::basic_font::~basic_font()
                0x0800fcbc                quan::uav::osd::basic_font::~basic_font()
 .text._ZNK12_GLOBAL__N_123font_OSD_Charset_0_type8get_dataEv
                0x0800fcc8        0x8 obj/fonts.o
 .text._ZNK12_GLOBAL__N_123font_OSD_Charset_0_type8get_sizeEv
                0x0800fcd0        0xc obj/fonts.o
 .text._ZNK12_GLOBAL__N_123font_OSD_Charset_1_type8get_dataEv
                0x0800fcdc        0x8 obj/fonts.o
 .text._ZNK12_GLOBAL__N_123font_OSD_Charset_1_type8get_sizeEv
                0x0800fce4        0xc obj/fonts.o
 .text._ZNK12_GLOBAL__N_123font_OSD_Charset_2_type8get_dataEv
                0x0800fcf0        0x8 obj/fonts.o
 .text._ZNK12_GLOBAL__N_123font_OSD_Charset_2_type8get_sizeEv
                0x0800fcf8        0xc obj/fonts.o
 .text._ZNK12_GLOBAL__N_123font_OSD_Charset_3_type8get_dataEv
                0x0800fd04        0x8 obj/fonts.o
 .text._ZNK12_GLOBAL__N_123font_OSD_Charset_3_type8get_sizeEv
                0x0800fd0c        0xc obj/fonts.o
 .text._ZNK12_GLOBAL__N_123font_OSD_Charset_4_type8get_dataEv
                0x0800fd18        0x8 obj/fonts.o
 .text._ZNK12_GLOBAL__N_123font_OSD_Charset_4_type8get_sizeEv
                0x0800fd20        0xc obj/fonts.o
 .text._ZNK12_GLOBAL__N_123font_OSD_Charset_5_type8get_dataEv
                0x0800fd2c        0x8 obj/fonts.o
 .text._ZNK12_GLOBAL__N_123font_OSD_Charset_5_type8get_sizeEv
                0x0800fd34        0xc obj/fonts.o
 .text._ZNK12_GLOBAL__N_123font_OSD_Charset_6_type8get_dataEv
                0x0800fd40        0x8 obj/fonts.o
 .text._ZNK12_GLOBAL__N_123font_OSD_Charset_6_type8get_sizeEv
                0x0800fd48        0xc obj/fonts.o
 .text._ZNK12_GLOBAL__N_123font_OSD_Charset_7_type8get_dataEv
                0x0800fd54        0x8 obj/fonts.o
 .text._ZNK12_GLOBAL__N_123font_OSD_Charset_7_type8get_sizeEv
                0x0800fd5c        0xc obj/fonts.o
 .text._ZNK12_GLOBAL__N_123font_OSD_Charset_8_type8get_dataEv
                0x0800fd68        0x8 obj/fonts.o
 .text._ZNK12_GLOBAL__N_123font_OSD_Charset_8_type8get_sizeEv
                0x0800fd70        0xc obj/fonts.o
 .text._ZNK12_GLOBAL__N_123font_OSD_Charset_9_type8get_dataEv
                0x0800fd7c        0x8 obj/fonts.o
 .text._ZNK12_GLOBAL__N_123font_OSD_Charset_9_type8get_sizeEv
                0x0800fd84        0xc obj/fonts.o
 .text._ZNK12_GLOBAL__N_124font_OSD_Charset_10_type8get_dataEv
                0x0800fd90        0x8 obj/fonts.o
 .text._ZNK12_GLOBAL__N_124font_OSD_Charset_10_type8get_sizeEv
                0x0800fd98        0xc obj/fonts.o
 .text._ZNK12_GLOBAL__N_124font_OSD_Charset_11_type8get_dataEv
                0x0800fda4        0x8 obj/fonts.o
 .text._ZNK12_GLOBAL__N_124font_OSD_Charset_11_type8get_sizeEv
                0x0800fdac        0xc obj/fonts.o
 .text._ZNK12_GLOBAL__N_124font_OSD_Charset_12_type8get_dataEv
                0x0800fdb8        0x8 obj/fonts.o
 .text._ZNK12_GLOBAL__N_124font_OSD_Charset_12_type8get_sizeEv
                0x0800fdc0        0xc obj/fonts.o
 .text._ZNK12_GLOBAL__N_124font_OSD_Charset_13_type8get_dataEv
                0x0800fdcc        0x8 obj/fonts.o
 .text._ZNK12_GLOBAL__N_124font_OSD_Charset_13_type8get_sizeEv
                0x0800fdd4        0xc obj/fonts.o
 .text._ZNK12_GLOBAL__N_124font_OSD_Charset_14_type8get_dataEv
                0x0800fde0        0x8 obj/fonts.o
 .text._ZNK12_GLOBAL__N_124font_OSD_Charset_14_type8get_sizeEv
                0x0800fde8        0xc obj/fonts.o
 .text._ZNK12_GLOBAL__N_124font_OSD_Charset_15_type8get_dataEv
                0x0800fdf4        0x8 obj/fonts.o
 .text._ZNK12_GLOBAL__N_124font_OSD_Charset_15_type8get_sizeEv
                0x0800fdfc        0xc obj/fonts.o
 .text._ZNK12_GLOBAL__N_124font_OSD_Charset_16_type8get_dataEv
                0x0800fe08        0x8 obj/fonts.o
 .text._ZNK12_GLOBAL__N_124font_OSD_Charset_16_type8get_sizeEv
                0x0800fe10        0xc obj/fonts.o
 .text._ZNK12_GLOBAL__N_124font_OSD_Charset_17_type8get_dataEv
                0x0800fe1c        0x8 obj/fonts.o
 .text._ZNK12_GLOBAL__N_124font_OSD_Charset_17_type8get_sizeEv
                0x0800fe24        0xc obj/fonts.o
 .text._ZNK12_GLOBAL__N_124font_OSD_Charset_18_type8get_dataEv
                0x0800fe30        0x8 obj/fonts.o
 .text._ZNK12_GLOBAL__N_124font_OSD_Charset_18_type8get_sizeEv
                0x0800fe38        0xc obj/fonts.o
 .text._ZNK12_GLOBAL__N_124font_OSD_Charset_19_type8get_dataEv
                0x0800fe44        0x8 obj/fonts.o
 .text._ZNK12_GLOBAL__N_124font_OSD_Charset_19_type8get_sizeEv
                0x0800fe4c        0xc obj/fonts.o
 .text._ZNK12_GLOBAL__N_124font_OSD_Charset_20_type8get_dataEv
                0x0800fe58        0x8 obj/fonts.o
 .text._ZNK12_GLOBAL__N_124font_OSD_Charset_20_type8get_sizeEv
                0x0800fe60        0xc obj/fonts.o
 .text._ZNK12_GLOBAL__N_124font_OSD_Charset_21_type8get_dataEv
                0x0800fe6c        0x8 obj/fonts.o
 .text._ZNK12_GLOBAL__N_124font_OSD_Charset_21_type8get_sizeEv
                0x0800fe74        0xc obj/fonts.o
 .text._ZNK12_GLOBAL__N_124font_OSD_Charset_22_type8get_dataEv
                0x0800fe80        0x8 obj/fonts.o
 .text._ZNK12_GLOBAL__N_124font_OSD_Charset_22_type8get_sizeEv
                0x0800fe88        0xc obj/fonts.o
 .text._ZNK12_GLOBAL__N_124font_OSD_Charset_23_type8get_dataEv
                0x0800fe94        0x8 obj/fonts.o
 .text._ZNK12_GLOBAL__N_124font_OSD_Charset_23_type8get_sizeEv
                0x0800fe9c        0xc obj/fonts.o
 .text._ZNK12_GLOBAL__N_124font_OSD_Charset_24_type8get_dataEv
                0x0800fea8        0x8 obj/fonts.o
 .text._ZNK12_GLOBAL__N_124font_OSD_Charset_24_type8get_sizeEv
                0x0800feb0        0xc obj/fonts.o
 .text._ZNK12_GLOBAL__N_124font_OSD_Charset_25_type8get_dataEv
                0x0800febc        0x8 obj/fonts.o
 .text._ZNK12_GLOBAL__N_124font_OSD_Charset_25_type8get_sizeEv
                0x0800fec4        0xc obj/fonts.o
 .text._ZNK12_GLOBAL__N_124font_OSD_Charset_26_type8get_dataEv
                0x0800fed0        0x8 obj/fonts.o
 .text._ZNK12_GLOBAL__N_124font_OSD_Charset_26_type8get_sizeEv
                0x0800fed8        0xc obj/fonts.o
 .text._ZNK12_GLOBAL__N_124font_OSD_Charset_27_type8get_dataEv
                0x0800fee4        0x8 obj/fonts.o
 .text._ZNK12_GLOBAL__N_124font_OSD_Charset_27_type8get_sizeEv
                0x0800feec        0xc obj/fonts.o
 .text._ZNK12_GLOBAL__N_124font_OSD_Charset_28_type8get_dataEv
                0x0800fef8        0x8 obj/fonts.o
 .text._ZNK12_GLOBAL__N_124font_OSD_Charset_28_type8get_sizeEv
                0x0800ff00        0xc obj/fonts.o
 .text._ZNK12_GLOBAL__N_124font_OSD_Charset_29_type8get_dataEv
                0x0800ff0c        0x8 obj/fonts.o
 .text._ZNK12_GLOBAL__N_124font_OSD_Charset_29_type8get_sizeEv
                0x0800ff14        0xc obj/fonts.o
 .text._ZNK12_GLOBAL__N_124font_OSD_Charset_30_type8get_dataEv
                0x0800ff20        0x8 obj/fonts.o
 .text._ZNK12_GLOBAL__N_124font_OSD_Charset_30_type8get_sizeEv
                0x0800ff28        0xc obj/fonts.o
 .text._ZNK12_GLOBAL__N_124font_OSD_Charset_31_type8get_dataEv
                0x0800ff34        0x8 obj/fonts.o
 .text._ZNK12_GLOBAL__N_124font_OSD_Charset_31_type8get_sizeEv
                0x0800ff3c        0xc obj/fonts.o
 .text._ZNK12_GLOBAL__N_124font_OSD_Charset_32_type8get_dataEv
                0x0800ff48        0x8 obj/fonts.o
 .text._ZNK12_GLOBAL__N_124font_OSD_Charset_32_type8get_sizeEv
                0x0800ff50        0xc obj/fonts.o
 .text._ZNK12_GLOBAL__N_124font_OSD_Charset_33_type8get_dataEv
                0x0800ff5c        0x8 obj/fonts.o
 .text._ZNK12_GLOBAL__N_124font_OSD_Charset_33_type8get_sizeEv
                0x0800ff64        0xc obj/fonts.o
 .text._ZNK12_GLOBAL__N_124font_OSD_Charset_34_type8get_dataEv
                0x0800ff70        0x8 obj/fonts.o
 .text._ZNK12_GLOBAL__N_124font_OSD_Charset_34_type8get_sizeEv
                0x0800ff78        0xc obj/fonts.o
 .text._ZNK12_GLOBAL__N_124font_OSD_Charset_35_type8get_dataEv
                0x0800ff84        0x8 obj/fonts.o
 .text._ZNK12_GLOBAL__N_124font_OSD_Charset_35_type8get_sizeEv
                0x0800ff8c        0xc obj/fonts.o
 .text._ZNK12_GLOBAL__N_124font_OSD_Charset_36_type8get_dataEv
                0x0800ff98        0x8 obj/fonts.o
 .text._ZNK12_GLOBAL__N_124font_OSD_Charset_36_type8get_sizeEv
                0x0800ffa0        0xc obj/fonts.o
 .text._ZNK12_GLOBAL__N_124font_OSD_Charset_37_type8get_dataEv
                0x0800ffac        0x8 obj/fonts.o
 .text._ZNK12_GLOBAL__N_124font_OSD_Charset_37_type8get_sizeEv
                0x0800ffb4        0xc obj/fonts.o
 .text._ZNK12_GLOBAL__N_124font_OSD_Charset_38_type8get_dataEv
                0x0800ffc0        0x8 obj/fonts.o
 .text._ZNK12_GLOBAL__N_124font_OSD_Charset_38_type8get_sizeEv
                0x0800ffc8        0xc obj/fonts.o
 .text._ZNK12_GLOBAL__N_124font_OSD_Charset_39_type8get_dataEv
                0x0800ffd4        0x8 obj/fonts.o
 .text._ZNK12_GLOBAL__N_124font_OSD_Charset_39_type8get_sizeEv
                0x0800ffdc        0xc obj/fonts.o
 .text._ZNK12_GLOBAL__N_124font_OSD_Charset_40_type8get_dataEv
                0x0800ffe8        0x8 obj/fonts.o
 .text._ZNK12_GLOBAL__N_124font_OSD_Charset_40_type8get_sizeEv
                0x0800fff0        0xc obj/fonts.o
 .text._ZNK12_GLOBAL__N_124font_OSD_Charset_41_type8get_dataEv
                0x0800fffc        0x8 obj/fonts.o
 .text._ZNK12_GLOBAL__N_124font_OSD_Charset_41_type8get_sizeEv
                0x08010004        0xc obj/fonts.o
 .text._ZNK12_GLOBAL__N_124font_OSD_Charset_42_type8get_dataEv
                0x08010010        0x8 obj/fonts.o
 .text._ZNK12_GLOBAL__N_124font_OSD_Charset_42_type8get_sizeEv
                0x08010018        0xc obj/fonts.o
 .text._ZNK12_GLOBAL__N_124font_OSD_Charset_43_type8get_dataEv
                0x08010024        0x8 obj/fonts.o
 .text._ZNK12_GLOBAL__N_124font_OSD_Charset_43_type8get_sizeEv
                0x0801002c        0xc obj/fonts.o
 .text._ZNK12_GLOBAL__N_124font_OSD_Charset_44_type8get_dataEv
                0x08010038        0x8 obj/fonts.o
 .text._ZNK12_GLOBAL__N_124font_OSD_Charset_44_type8get_sizeEv
                0x08010040        0xc obj/fonts.o
 .text._ZNK12_GLOBAL__N_124font_OSD_Charset_45_type8get_dataEv
                0x0801004c        0x8 obj/fonts.o
 .text._ZNK12_GLOBAL__N_124font_OSD_Charset_45_type8get_sizeEv
                0x08010054        0xc obj/fonts.o
 .text._ZNK12_GLOBAL__N_124font_OSD_Charset_46_type8get_dataEv
                0x08010060        0x8 obj/fonts.o
 .text._ZNK12_GLOBAL__N_124font_OSD_Charset_46_type8get_sizeEv
                0x08010068        0xc obj/fonts.o
 .text._ZNK12_GLOBAL__N_124font_OSD_Charset_47_type8get_dataEv
                0x08010074        0x8 obj/fonts.o
 .text._ZNK12_GLOBAL__N_124font_OSD_Charset_47_type8get_sizeEv
                0x0801007c        0xc obj/fonts.o
 .text._ZNK12_GLOBAL__N_124font_OSD_Charset_48_type8get_dataEv
                0x08010088        0x8 obj/fonts.o
 .text._ZNK12_GLOBAL__N_124font_OSD_Charset_48_type8get_sizeEv
                0x08010090        0xc obj/fonts.o
 .text._ZNK12_GLOBAL__N_124font_OSD_Charset_49_type8get_dataEv
                0x0801009c        0x8 obj/fonts.o
 .text._ZNK12_GLOBAL__N_124font_OSD_Charset_49_type8get_sizeEv
                0x080100a4        0xc obj/fonts.o
 .text._ZNK12_GLOBAL__N_124font_OSD_Charset_50_type8get_dataEv
                0x080100b0        0x8 obj/fonts.o
 .text._ZNK12_GLOBAL__N_124font_OSD_Charset_50_type8get_sizeEv
                0x080100b8        0xc obj/fonts.o
 .text._ZNK12_GLOBAL__N_124font_OSD_Charset_51_type8get_dataEv
                0x080100c4        0x8 obj/fonts.o
 .text._ZNK12_GLOBAL__N_124font_OSD_Charset_51_type8get_sizeEv
                0x080100cc        0xc obj/fonts.o
 .text._ZNK12_GLOBAL__N_124font_OSD_Charset_52_type8get_dataEv
                0x080100d8        0x8 obj/fonts.o
 .text._ZNK12_GLOBAL__N_124font_OSD_Charset_52_type8get_sizeEv
                0x080100e0        0xc obj/fonts.o
 .text._ZNK12_GLOBAL__N_124font_OSD_Charset_53_type8get_dataEv
                0x080100ec        0x8 obj/fonts.o
 .text._ZNK12_GLOBAL__N_124font_OSD_Charset_53_type8get_sizeEv
                0x080100f4        0xc obj/fonts.o
 .text._ZNK12_GLOBAL__N_124font_OSD_Charset_54_type8get_dataEv
                0x08010100        0x8 obj/fonts.o
 .text._ZNK12_GLOBAL__N_124font_OSD_Charset_54_type8get_sizeEv
                0x08010108        0xc obj/fonts.o
 .text._ZNK12_GLOBAL__N_124font_OSD_Charset_55_type8get_dataEv
                0x08010114        0x8 obj/fonts.o
 .text._ZNK12_GLOBAL__N_124font_OSD_Charset_55_type8get_sizeEv
                0x0801011c        0xc obj/fonts.o
 .text._ZNK12_GLOBAL__N_124font_OSD_Charset_56_type8get_dataEv
                0x08010128        0x8 obj/fonts.o
 .text._ZNK12_GLOBAL__N_124font_OSD_Charset_56_type8get_sizeEv
                0x08010130        0xc obj/fonts.o
 .text._ZNK12_GLOBAL__N_124font_OSD_Charset_57_type8get_dataEv
                0x0801013c        0x8 obj/fonts.o
 .text._ZNK12_GLOBAL__N_124font_OSD_Charset_57_type8get_sizeEv
                0x08010144        0xc obj/fonts.o
 .text._ZNK12_GLOBAL__N_124font_OSD_Charset_58_type8get_dataEv
                0x08010150        0x8 obj/fonts.o
 .text._ZNK12_GLOBAL__N_124font_OSD_Charset_58_type8get_sizeEv
                0x08010158        0xc obj/fonts.o
 .text._ZNK12_GLOBAL__N_124font_OSD_Charset_59_type8get_dataEv
                0x08010164        0x8 obj/fonts.o
 .text._ZNK12_GLOBAL__N_124font_OSD_Charset_59_type8get_sizeEv
                0x0801016c        0xc obj/fonts.o
 .text._ZNK12_GLOBAL__N_124font_OSD_Charset_60_type8get_dataEv
                0x08010178        0x8 obj/fonts.o
 .text._ZNK12_GLOBAL__N_124font_OSD_Charset_60_type8get_sizeEv
                0x08010180        0xc obj/fonts.o
 .text._ZNK12_GLOBAL__N_124font_OSD_Charset_61_type8get_dataEv
                0x0801018c        0x8 obj/fonts.o
 .text._ZNK12_GLOBAL__N_124font_OSD_Charset_61_type8get_sizeEv
                0x08010194        0xc obj/fonts.o
 .text._ZNK12_GLOBAL__N_124font_OSD_Charset_62_type8get_dataEv
                0x080101a0        0x8 obj/fonts.o
 .text._ZNK12_GLOBAL__N_124font_OSD_Charset_62_type8get_sizeEv
                0x080101a8        0xc obj/fonts.o
 .text._ZNK12_GLOBAL__N_124font_OSD_Charset_63_type8get_dataEv
                0x080101b4        0x8 obj/fonts.o
 .text._ZNK12_GLOBAL__N_124font_OSD_Charset_63_type8get_sizeEv
                0x080101bc        0xc obj/fonts.o
 .text._ZNK12_GLOBAL__N_124font_OSD_Charset_64_type8get_dataEv
                0x080101c8        0x8 obj/fonts.o
 .text._ZNK12_GLOBAL__N_124font_OSD_Charset_64_type8get_sizeEv
                0x080101d0        0xc obj/fonts.o
 .text._ZNK12_GLOBAL__N_124font_OSD_Charset_65_type8get_dataEv
                0x080101dc        0x8 obj/fonts.o
 .text._ZNK12_GLOBAL__N_124font_OSD_Charset_65_type8get_sizeEv
                0x080101e4        0xc obj/fonts.o
 .text._ZNK12_GLOBAL__N_124font_OSD_Charset_66_type8get_dataEv
                0x080101f0        0x8 obj/fonts.o
 .text._ZNK12_GLOBAL__N_124font_OSD_Charset_66_type8get_sizeEv
                0x080101f8        0xc obj/fonts.o
 .text._ZNK12_GLOBAL__N_124font_OSD_Charset_67_type8get_dataEv
                0x08010204        0x8 obj/fonts.o
 .text._ZNK12_GLOBAL__N_124font_OSD_Charset_67_type8get_sizeEv
                0x0801020c        0xc obj/fonts.o
 .text._ZNK12_GLOBAL__N_124font_OSD_Charset_68_type8get_dataEv
                0x08010218        0x8 obj/fonts.o
 .text._ZNK12_GLOBAL__N_124font_OSD_Charset_68_type8get_sizeEv
                0x08010220        0xc obj/fonts.o
 .text._ZNK12_GLOBAL__N_124font_OSD_Charset_69_type8get_dataEv
                0x0801022c        0x8 obj/fonts.o
 .text._ZNK12_GLOBAL__N_124font_OSD_Charset_69_type8get_sizeEv
                0x08010234        0xc obj/fonts.o
 .text._ZNK12_GLOBAL__N_124font_OSD_Charset_70_type8get_dataEv
                0x08010240        0x8 obj/fonts.o
 .text._ZNK12_GLOBAL__N_124font_OSD_Charset_70_type8get_sizeEv
                0x08010248        0xc obj/fonts.o
 .text._ZNK12_GLOBAL__N_124font_OSD_Charset_71_type8get_dataEv
                0x08010254        0x8 obj/fonts.o
 .text._ZNK12_GLOBAL__N_124font_OSD_Charset_71_type8get_sizeEv
                0x0801025c        0xc obj/fonts.o
 .text._ZNK12_GLOBAL__N_124font_OSD_Charset_72_type8get_dataEv
                0x08010268        0x8 obj/fonts.o
 .text._ZNK12_GLOBAL__N_124font_OSD_Charset_72_type8get_sizeEv
                0x08010270        0xc obj/fonts.o
 .text._ZNK12_GLOBAL__N_124font_OSD_Charset_73_type8get_dataEv
                0x0801027c        0x8 obj/fonts.o
 .text._ZNK12_GLOBAL__N_124font_OSD_Charset_73_type8get_sizeEv
                0x08010284        0xc obj/fonts.o
 .text._ZNK12_GLOBAL__N_124font_OSD_Charset_74_type8get_dataEv
                0x08010290        0x8 obj/fonts.o
 .text._ZNK12_GLOBAL__N_124font_OSD_Charset_74_type8get_sizeEv
                0x08010298        0xc obj/fonts.o
 .text._ZNK12_GLOBAL__N_124font_OSD_Charset_75_type8get_dataEv
                0x080102a4        0x8 obj/fonts.o
 .text._ZNK12_GLOBAL__N_124font_OSD_Charset_75_type8get_sizeEv
                0x080102ac        0xc obj/fonts.o
 .text._ZNK12_GLOBAL__N_124font_OSD_Charset_76_type8get_dataEv
                0x080102b8        0x8 obj/fonts.o
 .text._ZNK12_GLOBAL__N_124font_OSD_Charset_76_type8get_sizeEv
                0x080102c0        0xc obj/fonts.o
 .text._ZNK12_GLOBAL__N_124font_OSD_Charset_77_type8get_dataEv
                0x080102cc        0x8 obj/fonts.o
 .text._ZNK12_GLOBAL__N_124font_OSD_Charset_77_type8get_sizeEv
                0x080102d4        0xc obj/fonts.o
 .text._ZNK12_GLOBAL__N_124font_OSD_Charset_78_type8get_dataEv
                0x080102e0        0x8 obj/fonts.o
 .text._ZNK12_GLOBAL__N_124font_OSD_Charset_78_type8get_sizeEv
                0x080102e8        0xc obj/fonts.o
 .text._ZNK12_GLOBAL__N_124font_OSD_Charset_79_type8get_dataEv
                0x080102f4        0x8 obj/fonts.o
 .text._ZNK12_GLOBAL__N_124font_OSD_Charset_79_type8get_sizeEv
                0x080102fc        0xc obj/fonts.o
 .text._ZNK12_GLOBAL__N_124font_OSD_Charset_80_type8get_dataEv
                0x08010308        0x8 obj/fonts.o
 .text._ZNK12_GLOBAL__N_124font_OSD_Charset_80_type8get_sizeEv
                0x08010310        0xc obj/fonts.o
 .text._ZNK12_GLOBAL__N_124font_OSD_Charset_81_type8get_dataEv
                0x0801031c        0x8 obj/fonts.o
 .text._ZNK12_GLOBAL__N_124font_OSD_Charset_81_type8get_sizeEv
                0x08010324        0xc obj/fonts.o
 .text._ZNK12_GLOBAL__N_124font_OSD_Charset_82_type8get_dataEv
                0x08010330        0x8 obj/fonts.o
 .text._ZNK12_GLOBAL__N_124font_OSD_Charset_82_type8get_sizeEv
                0x08010338        0xc obj/fonts.o
 .text._ZNK12_GLOBAL__N_124font_OSD_Charset_83_type8get_dataEv
                0x08010344        0x8 obj/fonts.o
 .text._ZNK12_GLOBAL__N_124font_OSD_Charset_83_type8get_sizeEv
                0x0801034c        0xc obj/fonts.o
 .text._ZNK12_GLOBAL__N_124font_OSD_Charset_84_type8get_dataEv
                0x08010358        0x8 obj/fonts.o
 .text._ZNK12_GLOBAL__N_124font_OSD_Charset_84_type8get_sizeEv
                0x08010360        0xc obj/fonts.o
 .text._ZNK12_GLOBAL__N_124font_OSD_Charset_85_type8get_dataEv
                0x0801036c        0x8 obj/fonts.o
 .text._ZNK12_GLOBAL__N_124font_OSD_Charset_85_type8get_sizeEv
                0x08010374        0xc obj/fonts.o
 .text._ZNK12_GLOBAL__N_124font_OSD_Charset_86_type8get_dataEv
                0x08010380        0x8 obj/fonts.o
 .text._ZNK12_GLOBAL__N_124font_OSD_Charset_86_type8get_sizeEv
                0x08010388        0xc obj/fonts.o
 .text._ZNK12_GLOBAL__N_124font_OSD_Charset_87_type8get_dataEv
                0x08010394        0x8 obj/fonts.o
 .text._ZNK12_GLOBAL__N_124font_OSD_Charset_87_type8get_sizeEv
                0x0801039c        0xc obj/fonts.o
 .text._ZNK12_GLOBAL__N_124font_OSD_Charset_88_type8get_dataEv
                0x080103a8        0x8 obj/fonts.o
 .text._ZNK12_GLOBAL__N_124font_OSD_Charset_88_type8get_sizeEv
                0x080103b0        0xc obj/fonts.o
 .text._ZNK12_GLOBAL__N_124font_OSD_Charset_89_type8get_dataEv
                0x080103bc        0x8 obj/fonts.o
 .text._ZNK12_GLOBAL__N_124font_OSD_Charset_89_type8get_sizeEv
                0x080103c4        0xc obj/fonts.o
 .text._ZNK12_GLOBAL__N_124font_OSD_Charset_90_type8get_dataEv
                0x080103d0        0x8 obj/fonts.o
 .text._ZNK12_GLOBAL__N_124font_OSD_Charset_90_type8get_sizeEv
                0x080103d8        0xc obj/fonts.o
 .text._ZNK12_GLOBAL__N_124font_OSD_Charset_91_type8get_dataEv
                0x080103e4        0x8 obj/fonts.o
 .text._ZNK12_GLOBAL__N_124font_OSD_Charset_91_type8get_sizeEv
                0x080103ec        0xc obj/fonts.o
 .text._ZNK12_GLOBAL__N_124font_OSD_Charset_92_type8get_dataEv
                0x080103f8        0x8 obj/fonts.o
 .text._ZNK12_GLOBAL__N_124font_OSD_Charset_92_type8get_sizeEv
                0x08010400        0xc obj/fonts.o
 .text._ZNK12_GLOBAL__N_124font_OSD_Charset_93_type8get_dataEv
                0x0801040c        0x8 obj/fonts.o
 .text._ZNK12_GLOBAL__N_124font_OSD_Charset_93_type8get_sizeEv
                0x08010414        0xc obj/fonts.o
 .text._ZNK12_GLOBAL__N_124font_OSD_Charset_94_type8get_dataEv
                0x08010420        0x8 obj/fonts.o
 .text._ZNK12_GLOBAL__N_124font_OSD_Charset_94_type8get_sizeEv
                0x08010428        0xc obj/fonts.o
 .text._ZNK12_GLOBAL__N_124font_OSD_Charset_95_type8get_dataEv
                0x08010434        0x8 obj/fonts.o
 .text._ZNK12_GLOBAL__N_124font_OSD_Charset_95_type8get_sizeEv
                0x0801043c        0xc obj/fonts.o
 .text._ZNK12_GLOBAL__N_124font_OSD_Charset_96_type8get_dataEv
                0x08010448        0x8 obj/fonts.o
 .text._ZNK12_GLOBAL__N_124font_OSD_Charset_96_type8get_sizeEv
                0x08010450        0xc obj/fonts.o
 .text._ZNK12_GLOBAL__N_124font_OSD_Charset_97_type8get_dataEv
                0x0801045c        0x8 obj/fonts.o
 .text._ZNK12_GLOBAL__N_124font_OSD_Charset_97_type8get_sizeEv
                0x08010464        0xc obj/fonts.o
 .text._ZNK12_GLOBAL__N_124font_OSD_Charset_98_type8get_dataEv
                0x08010470        0x8 obj/fonts.o
 .text._ZNK12_GLOBAL__N_124font_OSD_Charset_98_type8get_sizeEv
                0x08010478        0xc obj/fonts.o
 .text._ZNK12_GLOBAL__N_124font_OSD_Charset_99_type8get_dataEv
                0x08010484        0x8 obj/fonts.o
 .text._ZNK12_GLOBAL__N_124font_OSD_Charset_99_type8get_sizeEv
                0x0801048c        0xc obj/fonts.o
 .text._ZNK12_GLOBAL__N_125font_OSD_Charset_100_type8get_dataEv
                0x08010498        0x8 obj/fonts.o
 .text._ZNK12_GLOBAL__N_125font_OSD_Charset_100_type8get_sizeEv
                0x080104a0        0xc obj/fonts.o
 .text._ZNK12_GLOBAL__N_125font_OSD_Charset_101_type8get_dataEv
                0x080104ac        0x8 obj/fonts.o
 .text._ZNK12_GLOBAL__N_125font_OSD_Charset_101_type8get_sizeEv
                0x080104b4        0xc obj/fonts.o
 .text._ZNK12_GLOBAL__N_125font_OSD_Charset_102_type8get_dataEv
                0x080104c0        0x8 obj/fonts.o
 .text._ZNK12_GLOBAL__N_125font_OSD_Charset_102_type8get_sizeEv
                0x080104c8        0xc obj/fonts.o
 .text._ZNK12_GLOBAL__N_125font_OSD_Charset_103_type8get_dataEv
                0x080104d4        0x8 obj/fonts.o
 .text._ZNK12_GLOBAL__N_125font_OSD_Charset_103_type8get_sizeEv
                0x080104dc        0xc obj/fonts.o
 .text._ZNK12_GLOBAL__N_125font_OSD_Charset_104_type8get_dataEv
                0x080104e8        0x8 obj/fonts.o
 .text._ZNK12_GLOBAL__N_125font_OSD_Charset_104_type8get_sizeEv
                0x080104f0        0xc obj/fonts.o
 .text._ZNK12_GLOBAL__N_125font_OSD_Charset_105_type8get_dataEv
                0x080104fc        0x8 obj/fonts.o
 .text._ZNK12_GLOBAL__N_125font_OSD_Charset_105_type8get_sizeEv
                0x08010504        0xc obj/fonts.o
 .text._ZNK12_GLOBAL__N_125font_OSD_Charset_106_type8get_dataEv
                0x08010510        0x8 obj/fonts.o
 .text._ZNK12_GLOBAL__N_125font_OSD_Charset_106_type8get_sizeEv
                0x08010518        0xc obj/fonts.o
 .text._ZNK12_GLOBAL__N_125font_OSD_Charset_107_type8get_dataEv
                0x08010524        0x8 obj/fonts.o
 .text._ZNK12_GLOBAL__N_125font_OSD_Charset_107_type8get_sizeEv
                0x0801052c        0xc obj/fonts.o
 .text._ZNK12_GLOBAL__N_125font_OSD_Charset_108_type8get_dataEv
                0x08010538        0x8 obj/fonts.o
 .text._ZNK12_GLOBAL__N_125font_OSD_Charset_108_type8get_sizeEv
                0x08010540        0xc obj/fonts.o
 .text._ZNK12_GLOBAL__N_125font_OSD_Charset_109_type8get_dataEv
                0x0801054c        0x8 obj/fonts.o
 .text._ZNK12_GLOBAL__N_125font_OSD_Charset_109_type8get_sizeEv
                0x08010554        0xc obj/fonts.o
 .text._ZNK12_GLOBAL__N_125font_OSD_Charset_110_type8get_dataEv
                0x08010560        0x8 obj/fonts.o
 .text._ZNK12_GLOBAL__N_125font_OSD_Charset_110_type8get_sizeEv
                0x08010568        0xc obj/fonts.o
 .text._ZNK12_GLOBAL__N_125font_OSD_Charset_111_type8get_dataEv
                0x08010574        0x8 obj/fonts.o
 .text._ZNK12_GLOBAL__N_125font_OSD_Charset_111_type8get_sizeEv
                0x0801057c        0xc obj/fonts.o
 .text._ZNK12_GLOBAL__N_125font_OSD_Charset_112_type8get_dataEv
                0x08010588        0x8 obj/fonts.o
 .text._ZNK12_GLOBAL__N_125font_OSD_Charset_112_type8get_sizeEv
                0x08010590        0xc obj/fonts.o
 .text._ZNK12_GLOBAL__N_125font_OSD_Charset_113_type8get_dataEv
                0x0801059c        0x8 obj/fonts.o
 .text._ZNK12_GLOBAL__N_125font_OSD_Charset_113_type8get_sizeEv
                0x080105a4        0xc obj/fonts.o
 .text._ZNK12_GLOBAL__N_125font_OSD_Charset_114_type8get_dataEv
                0x080105b0        0x8 obj/fonts.o
 .text._ZNK12_GLOBAL__N_125font_OSD_Charset_114_type8get_sizeEv
                0x080105b8        0xc obj/fonts.o
 .text._ZNK12_GLOBAL__N_125font_OSD_Charset_115_type8get_dataEv
                0x080105c4        0x8 obj/fonts.o
 .text._ZNK12_GLOBAL__N_125font_OSD_Charset_115_type8get_sizeEv
                0x080105cc        0xc obj/fonts.o
 .text._ZNK12_GLOBAL__N_125font_OSD_Charset_116_type8get_dataEv
                0x080105d8        0x8 obj/fonts.o
 .text._ZNK12_GLOBAL__N_125font_OSD_Charset_116_type8get_sizeEv
                0x080105e0        0xc obj/fonts.o
 .text._ZNK12_GLOBAL__N_125font_OSD_Charset_117_type8get_dataEv
                0x080105ec        0x8 obj/fonts.o
 .text._ZNK12_GLOBAL__N_125font_OSD_Charset_117_type8get_sizeEv
                0x080105f4        0xc obj/fonts.o
 .text._ZNK12_GLOBAL__N_125font_OSD_Charset_118_type8get_dataEv
                0x08010600        0x8 obj/fonts.o
 .text._ZNK12_GLOBAL__N_125font_OSD_Charset_118_type8get_sizeEv
                0x08010608        0xc obj/fonts.o
 .text._ZNK12_GLOBAL__N_125font_OSD_Charset_119_type8get_dataEv
                0x08010614        0x8 obj/fonts.o
 .text._ZNK12_GLOBAL__N_125font_OSD_Charset_119_type8get_sizeEv
                0x0801061c        0xc obj/fonts.o
 .text._ZNK12_GLOBAL__N_125font_OSD_Charset_120_type8get_dataEv
                0x08010628        0x8 obj/fonts.o
 .text._ZNK12_GLOBAL__N_125font_OSD_Charset_120_type8get_sizeEv
                0x08010630        0xc obj/fonts.o
 .text._ZNK12_GLOBAL__N_125font_OSD_Charset_121_type8get_dataEv
                0x0801063c        0x8 obj/fonts.o
 .text._ZNK12_GLOBAL__N_125font_OSD_Charset_121_type8get_sizeEv
                0x08010644        0xc obj/fonts.o
 .text._ZNK12_GLOBAL__N_125font_OSD_Charset_122_type8get_dataEv
                0x08010650        0x8 obj/fonts.o
 .text._ZNK12_GLOBAL__N_125font_OSD_Charset_122_type8get_sizeEv
                0x08010658        0xc obj/fonts.o
 .text._ZNK12_GLOBAL__N_125font_OSD_Charset_123_type8get_dataEv
                0x08010664        0x8 obj/fonts.o
 .text._ZNK12_GLOBAL__N_125font_OSD_Charset_123_type8get_sizeEv
                0x0801066c        0xc obj/fonts.o
 .text._ZNK12_GLOBAL__N_125font_OSD_Charset_124_type8get_dataEv
                0x08010678        0x8 obj/fonts.o
 .text._ZNK12_GLOBAL__N_125font_OSD_Charset_124_type8get_sizeEv
                0x08010680        0xc obj/fonts.o
 .text._ZNK12_GLOBAL__N_125font_OSD_Charset_125_type8get_dataEv
                0x0801068c        0x8 obj/fonts.o
 .text._ZNK12_GLOBAL__N_125font_OSD_Charset_125_type8get_sizeEv
                0x08010694        0xc obj/fonts.o
 .text._ZNK12_GLOBAL__N_125font_OSD_Charset_126_type8get_dataEv
                0x080106a0        0x8 obj/fonts.o
 .text._ZNK12_GLOBAL__N_125font_OSD_Charset_126_type8get_sizeEv
                0x080106a8        0xc obj/fonts.o
 .text._ZNK12_GLOBAL__N_125font_OSD_Charset_127_type8get_dataEv
                0x080106b4        0x8 obj/fonts.o
 .text._ZNK12_GLOBAL__N_125font_OSD_Charset_127_type8get_sizeEv
                0x080106bc        0xc obj/fonts.o
 .text._ZNK12_GLOBAL__N_125font_OSD_Charset_128_type8get_dataEv
                0x080106c8        0x8 obj/fonts.o
 .text._ZNK12_GLOBAL__N_125font_OSD_Charset_128_type8get_sizeEv
                0x080106d0        0xc obj/fonts.o
 .text._ZNK12_GLOBAL__N_125font_OSD_Charset_129_type8get_dataEv
                0x080106dc        0x8 obj/fonts.o
 .text._ZNK12_GLOBAL__N_125font_OSD_Charset_129_type8get_sizeEv
                0x080106e4        0xc obj/fonts.o
 .text._ZNK12_GLOBAL__N_125font_OSD_Charset_130_type8get_dataEv
                0x080106f0        0x8 obj/fonts.o
 .text._ZNK12_GLOBAL__N_125font_OSD_Charset_130_type8get_sizeEv
                0x080106f8        0xc obj/fonts.o
 .text._ZNK12_GLOBAL__N_125font_OSD_Charset_131_type8get_dataEv
                0x08010704        0x8 obj/fonts.o
 .text._ZNK12_GLOBAL__N_125font_OSD_Charset_131_type8get_sizeEv
                0x0801070c        0xc obj/fonts.o
 .text._ZNK12_GLOBAL__N_125font_OSD_Charset_132_type8get_dataEv
                0x08010718        0x8 obj/fonts.o
 .text._ZNK12_GLOBAL__N_125font_OSD_Charset_132_type8get_sizeEv
                0x08010720        0xc obj/fonts.o
 .text._ZNK12_GLOBAL__N_125font_OSD_Charset_133_type8get_dataEv
                0x0801072c        0x8 obj/fonts.o
 .text._ZNK12_GLOBAL__N_125font_OSD_Charset_133_type8get_sizeEv
                0x08010734        0xc obj/fonts.o
 .text._ZNK12_GLOBAL__N_125font_OSD_Charset_134_type8get_dataEv
                0x08010740        0x8 obj/fonts.o
 .text._ZNK12_GLOBAL__N_125font_OSD_Charset_134_type8get_sizeEv
                0x08010748        0xc obj/fonts.o
 .text._ZNK12_GLOBAL__N_125font_OSD_Charset_135_type8get_dataEv
                0x08010754        0x8 obj/fonts.o
 .text._ZNK12_GLOBAL__N_125font_OSD_Charset_135_type8get_sizeEv
                0x0801075c        0xc obj/fonts.o
 .text._ZNK12_GLOBAL__N_125font_OSD_Charset_136_type8get_dataEv
                0x08010768        0x8 obj/fonts.o
 .text._ZNK12_GLOBAL__N_125font_OSD_Charset_136_type8get_sizeEv
                0x08010770        0xc obj/fonts.o
 .text._ZNK12_GLOBAL__N_125font_OSD_Charset_137_type8get_dataEv
                0x0801077c        0x8 obj/fonts.o
 .text._ZNK12_GLOBAL__N_125font_OSD_Charset_137_type8get_sizeEv
                0x08010784        0xc obj/fonts.o
 .text._ZNK12_GLOBAL__N_125font_OSD_Charset_138_type8get_dataEv
                0x08010790        0x8 obj/fonts.o
 .text._ZNK12_GLOBAL__N_125font_OSD_Charset_138_type8get_sizeEv
                0x08010798        0xc obj/fonts.o
 .text._ZNK12_GLOBAL__N_125font_OSD_Charset_139_type8get_dataEv
                0x080107a4        0x8 obj/fonts.o
 .text._ZNK12_GLOBAL__N_125font_OSD_Charset_139_type8get_sizeEv
                0x080107ac        0xc obj/fonts.o
 .text._ZNK12_GLOBAL__N_125font_OSD_Charset_140_type8get_dataEv
                0x080107b8        0x8 obj/fonts.o
 .text._ZNK12_GLOBAL__N_125font_OSD_Charset_140_type8get_sizeEv
                0x080107c0        0xc obj/fonts.o
 .text._ZNK12_GLOBAL__N_125font_OSD_Charset_141_type8get_dataEv
                0x080107cc        0x8 obj/fonts.o
 .text._ZNK12_GLOBAL__N_125font_OSD_Charset_141_type8get_sizeEv
                0x080107d4        0xc obj/fonts.o
 .text._ZNK12_GLOBAL__N_125font_OSD_Charset_142_type8get_dataEv
                0x080107e0        0x8 obj/fonts.o
 .text._ZNK12_GLOBAL__N_125font_OSD_Charset_142_type8get_sizeEv
                0x080107e8        0xc obj/fonts.o
 .text._ZNK12_GLOBAL__N_125font_OSD_Charset_143_type8get_dataEv
                0x080107f4        0x8 obj/fonts.o
 .text._ZNK12_GLOBAL__N_125font_OSD_Charset_143_type8get_sizeEv
                0x080107fc        0xc obj/fonts.o
 .text._ZNK12_GLOBAL__N_125font_OSD_Charset_144_type8get_dataEv
                0x08010808        0x8 obj/fonts.o
 .text._ZNK12_GLOBAL__N_125font_OSD_Charset_144_type8get_sizeEv
                0x08010810        0xc obj/fonts.o
 .text._ZNK12_GLOBAL__N_125font_OSD_Charset_145_type8get_dataEv
                0x0801081c        0x8 obj/fonts.o
 .text._ZNK12_GLOBAL__N_125font_OSD_Charset_145_type8get_sizeEv
                0x08010824        0xc obj/fonts.o
 .text._ZNK12_GLOBAL__N_125font_OSD_Charset_146_type8get_dataEv
                0x08010830        0x8 obj/fonts.o
 .text._ZNK12_GLOBAL__N_125font_OSD_Charset_146_type8get_sizeEv
                0x08010838        0xc obj/fonts.o
 .text._ZNK12_GLOBAL__N_125font_OSD_Charset_147_type8get_dataEv
                0x08010844        0x8 obj/fonts.o
 .text._ZNK12_GLOBAL__N_125font_OSD_Charset_147_type8get_sizeEv
                0x0801084c        0xc obj/fonts.o
 .text._ZNK12_GLOBAL__N_125font_OSD_Charset_148_type8get_dataEv
                0x08010858        0x8 obj/fonts.o
 .text._ZNK12_GLOBAL__N_125font_OSD_Charset_148_type8get_sizeEv
                0x08010860        0xc obj/fonts.o
 .text._ZNK12_GLOBAL__N_125font_OSD_Charset_149_type8get_dataEv
                0x0801086c        0x8 obj/fonts.o
 .text._ZNK12_GLOBAL__N_125font_OSD_Charset_149_type8get_sizeEv
                0x08010874        0xc obj/fonts.o
 .text._ZNK12_GLOBAL__N_125font_OSD_Charset_150_type8get_dataEv
                0x08010880        0x8 obj/fonts.o
 .text._ZNK12_GLOBAL__N_125font_OSD_Charset_150_type8get_sizeEv
                0x08010888        0xc obj/fonts.o
 .text._ZNK12_GLOBAL__N_125font_OSD_Charset_151_type8get_dataEv
                0x08010894        0x8 obj/fonts.o
 .text._ZNK12_GLOBAL__N_125font_OSD_Charset_151_type8get_sizeEv
                0x0801089c        0xc obj/fonts.o
 .text._ZNK12_GLOBAL__N_125font_OSD_Charset_152_type8get_dataEv
                0x080108a8        0x8 obj/fonts.o
 .text._ZNK12_GLOBAL__N_125font_OSD_Charset_152_type8get_sizeEv
                0x080108b0        0xc obj/fonts.o
 .text._ZNK12_GLOBAL__N_125font_OSD_Charset_153_type8get_dataEv
                0x080108bc        0x8 obj/fonts.o
 .text._ZNK12_GLOBAL__N_125font_OSD_Charset_153_type8get_sizeEv
                0x080108c4        0xc obj/fonts.o
 .text._ZNK12_GLOBAL__N_125font_OSD_Charset_154_type8get_dataEv
                0x080108d0        0x8 obj/fonts.o
 .text._ZNK12_GLOBAL__N_125font_OSD_Charset_154_type8get_sizeEv
                0x080108d8        0xc obj/fonts.o
 .text._ZNK12_GLOBAL__N_125font_OSD_Charset_155_type8get_dataEv
                0x080108e4        0x8 obj/fonts.o
 .text._ZNK12_GLOBAL__N_125font_OSD_Charset_155_type8get_sizeEv
                0x080108ec        0xc obj/fonts.o
 .text._ZNK12_GLOBAL__N_125font_OSD_Charset_156_type8get_dataEv
                0x080108f8        0x8 obj/fonts.o
 .text._ZNK12_GLOBAL__N_125font_OSD_Charset_156_type8get_sizeEv
                0x08010900        0xc obj/fonts.o
 .text._ZNK12_GLOBAL__N_125font_OSD_Charset_157_type8get_dataEv
                0x0801090c        0x8 obj/fonts.o
 .text._ZNK12_GLOBAL__N_125font_OSD_Charset_157_type8get_sizeEv
                0x08010914        0xc obj/fonts.o
 .text._ZNK12_GLOBAL__N_125font_OSD_Charset_158_type8get_dataEv
                0x08010920        0x8 obj/fonts.o
 .text._ZNK12_GLOBAL__N_125font_OSD_Charset_158_type8get_sizeEv
                0x08010928        0xc obj/fonts.o
 .text._ZNK12_GLOBAL__N_125font_OSD_Charset_159_type8get_dataEv
                0x08010934        0x8 obj/fonts.o
 .text._ZNK12_GLOBAL__N_125font_OSD_Charset_159_type8get_sizeEv
                0x0801093c        0xc obj/fonts.o
 .text._ZNK12_GLOBAL__N_125font_OSD_Charset_160_type8get_dataEv
                0x08010948        0x8 obj/fonts.o
 .text._ZNK12_GLOBAL__N_125font_OSD_Charset_160_type8get_sizeEv
                0x08010950        0xc obj/fonts.o
 .text._ZNK12_GLOBAL__N_125font_OSD_Charset_161_type8get_dataEv
                0x0801095c        0x8 obj/fonts.o
 .text._ZNK12_GLOBAL__N_125font_OSD_Charset_161_type8get_sizeEv
                0x08010964        0xc obj/fonts.o
 .text._ZNK12_GLOBAL__N_125font_OSD_Charset_162_type8get_dataEv
                0x08010970        0x8 obj/fonts.o
 .text._ZNK12_GLOBAL__N_125font_OSD_Charset_162_type8get_sizeEv
                0x08010978        0xc obj/fonts.o
 .text._ZNK12_GLOBAL__N_125font_OSD_Charset_163_type8get_dataEv
                0x08010984        0x8 obj/fonts.o
 .text._ZNK12_GLOBAL__N_125font_OSD_Charset_163_type8get_sizeEv
                0x0801098c        0xc obj/fonts.o
 .text._ZNK12_GLOBAL__N_125font_OSD_Charset_164_type8get_dataEv
                0x08010998        0x8 obj/fonts.o
 .text._ZNK12_GLOBAL__N_125font_OSD_Charset_164_type8get_sizeEv
                0x080109a0        0xc obj/fonts.o
 .text._ZNK12_GLOBAL__N_125font_OSD_Charset_165_type8get_dataEv
                0x080109ac        0x8 obj/fonts.o
 .text._ZNK12_GLOBAL__N_125font_OSD_Charset_165_type8get_sizeEv
                0x080109b4        0xc obj/fonts.o
 .text._ZNK12_GLOBAL__N_125font_OSD_Charset_166_type8get_dataEv
                0x080109c0        0x8 obj/fonts.o
 .text._ZNK12_GLOBAL__N_125font_OSD_Charset_166_type8get_sizeEv
                0x080109c8        0xc obj/fonts.o
 .text._ZNK12_GLOBAL__N_125font_OSD_Charset_167_type8get_dataEv
                0x080109d4        0x8 obj/fonts.o
 .text._ZNK12_GLOBAL__N_125font_OSD_Charset_167_type8get_sizeEv
                0x080109dc        0xc obj/fonts.o
 .text._ZNK12_GLOBAL__N_125font_OSD_Charset_168_type8get_dataEv
                0x080109e8        0x8 obj/fonts.o
 .text._ZNK12_GLOBAL__N_125font_OSD_Charset_168_type8get_sizeEv
                0x080109f0        0xc obj/fonts.o
 .text._ZNK12_GLOBAL__N_125font_OSD_Charset_169_type8get_dataEv
                0x080109fc        0x8 obj/fonts.o
 .text._ZNK12_GLOBAL__N_125font_OSD_Charset_169_type8get_sizeEv
                0x08010a04        0xc obj/fonts.o
 .text._ZNK12_GLOBAL__N_125font_OSD_Charset_170_type8get_dataEv
                0x08010a10        0x8 obj/fonts.o
 .text._ZNK12_GLOBAL__N_125font_OSD_Charset_170_type8get_sizeEv
                0x08010a18        0xc obj/fonts.o
 .text._ZNK12_GLOBAL__N_125font_OSD_Charset_171_type8get_dataEv
                0x08010a24        0x8 obj/fonts.o
 .text._ZNK12_GLOBAL__N_125font_OSD_Charset_171_type8get_sizeEv
                0x08010a2c        0xc obj/fonts.o
 .text._ZNK12_GLOBAL__N_125font_OSD_Charset_172_type8get_dataEv
                0x08010a38        0x8 obj/fonts.o
 .text._ZNK12_GLOBAL__N_125font_OSD_Charset_172_type8get_sizeEv
                0x08010a40        0xc obj/fonts.o
 .text._ZNK12_GLOBAL__N_125font_OSD_Charset_173_type8get_dataEv
                0x08010a4c        0x8 obj/fonts.o
 .text._ZNK12_GLOBAL__N_125font_OSD_Charset_173_type8get_sizeEv
                0x08010a54        0xc obj/fonts.o
 .text._ZNK12_GLOBAL__N_125font_OSD_Charset_174_type8get_dataEv
                0x08010a60        0x8 obj/fonts.o
 .text._ZNK12_GLOBAL__N_125font_OSD_Charset_174_type8get_sizeEv
                0x08010a68        0xc obj/fonts.o
 .text._ZNK12_GLOBAL__N_125font_OSD_Charset_175_type8get_dataEv
                0x08010a74        0x8 obj/fonts.o
 .text._ZNK12_GLOBAL__N_125font_OSD_Charset_175_type8get_sizeEv
                0x08010a7c        0xc obj/fonts.o
 .text._ZNK12_GLOBAL__N_125font_OSD_Charset_176_type8get_dataEv
                0x08010a88        0x8 obj/fonts.o
 .text._ZNK12_GLOBAL__N_125font_OSD_Charset_176_type8get_sizeEv
                0x08010a90        0xc obj/fonts.o
 .text._ZNK12_GLOBAL__N_125font_OSD_Charset_177_type8get_dataEv
                0x08010a9c        0x8 obj/fonts.o
 .text._ZNK12_GLOBAL__N_125font_OSD_Charset_177_type8get_sizeEv
                0x08010aa4        0xc obj/fonts.o
 .text._ZNK12_GLOBAL__N_125font_OSD_Charset_178_type8get_dataEv
                0x08010ab0        0x8 obj/fonts.o
 .text._ZNK12_GLOBAL__N_125font_OSD_Charset_178_type8get_sizeEv
                0x08010ab8        0xc obj/fonts.o
 .text._ZNK12_GLOBAL__N_125font_OSD_Charset_179_type8get_dataEv
                0x08010ac4        0x8 obj/fonts.o
 .text._ZNK12_GLOBAL__N_125font_OSD_Charset_179_type8get_sizeEv
                0x08010acc        0xc obj/fonts.o
 .text._ZNK12_GLOBAL__N_125font_OSD_Charset_180_type8get_dataEv
                0x08010ad8        0x8 obj/fonts.o
 .text._ZNK12_GLOBAL__N_125font_OSD_Charset_180_type8get_sizeEv
                0x08010ae0        0xc obj/fonts.o
 .text._ZNK12_GLOBAL__N_125font_OSD_Charset_181_type8get_dataEv
                0x08010aec        0x8 obj/fonts.o
 .text._ZNK12_GLOBAL__N_125font_OSD_Charset_181_type8get_sizeEv
                0x08010af4        0xc obj/fonts.o
 .text._ZNK12_GLOBAL__N_125font_OSD_Charset_182_type8get_dataEv
                0x08010b00        0x8 obj/fonts.o
 .text._ZNK12_GLOBAL__N_125font_OSD_Charset_182_type8get_sizeEv
                0x08010b08        0xc obj/fonts.o
 .text._ZNK12_GLOBAL__N_125font_OSD_Charset_183_type8get_dataEv
                0x08010b14        0x8 obj/fonts.o
 .text._ZNK12_GLOBAL__N_125font_OSD_Charset_183_type8get_sizeEv
                0x08010b1c        0xc obj/fonts.o
 .text._ZNK12_GLOBAL__N_125font_OSD_Charset_184_type8get_dataEv
                0x08010b28        0x8 obj/fonts.o
 .text._ZNK12_GLOBAL__N_125font_OSD_Charset_184_type8get_sizeEv
                0x08010b30        0xc obj/fonts.o
 .text._ZNK12_GLOBAL__N_125font_OSD_Charset_185_type8get_dataEv
                0x08010b3c        0x8 obj/fonts.o
 .text._ZNK12_GLOBAL__N_125font_OSD_Charset_185_type8get_sizeEv
                0x08010b44        0xc obj/fonts.o
 .text._ZNK12_GLOBAL__N_125font_OSD_Charset_186_type8get_dataEv
                0x08010b50        0x8 obj/fonts.o
 .text._ZNK12_GLOBAL__N_125font_OSD_Charset_186_type8get_sizeEv
                0x08010b58        0xc obj/fonts.o
 .text._ZNK12_GLOBAL__N_125font_OSD_Charset_187_type8get_dataEv
                0x08010b64        0x8 obj/fonts.o
 .text._ZNK12_GLOBAL__N_125font_OSD_Charset_187_type8get_sizeEv
                0x08010b6c        0xc obj/fonts.o
 .text._ZNK12_GLOBAL__N_125font_OSD_Charset_188_type8get_dataEv
                0x08010b78        0x8 obj/fonts.o
 .text._ZNK12_GLOBAL__N_125font_OSD_Charset_188_type8get_sizeEv
                0x08010b80        0xc obj/fonts.o
 .text._ZNK12_GLOBAL__N_125font_OSD_Charset_189_type8get_dataEv
                0x08010b8c        0x8 obj/fonts.o
 .text._ZNK12_GLOBAL__N_125font_OSD_Charset_189_type8get_sizeEv
                0x08010b94        0xc obj/fonts.o
 .text._ZNK12_GLOBAL__N_125font_OSD_Charset_190_type8get_dataEv
                0x08010ba0        0x8 obj/fonts.o
 .text._ZNK12_GLOBAL__N_125font_OSD_Charset_190_type8get_sizeEv
                0x08010ba8        0xc obj/fonts.o
 .text._ZNK12_GLOBAL__N_125font_OSD_Charset_191_type8get_dataEv
                0x08010bb4        0x8 obj/fonts.o
 .text._ZNK12_GLOBAL__N_125font_OSD_Charset_191_type8get_sizeEv
                0x08010bbc        0xc obj/fonts.o
 .text._ZNK12_GLOBAL__N_125font_OSD_Charset_192_type8get_dataEv
                0x08010bc8        0x8 obj/fonts.o
 .text._ZNK12_GLOBAL__N_125font_OSD_Charset_192_type8get_sizeEv
                0x08010bd0        0xc obj/fonts.o
 .text._ZNK12_GLOBAL__N_125font_OSD_Charset_193_type8get_dataEv
                0x08010bdc        0x8 obj/fonts.o
 .text._ZNK12_GLOBAL__N_125font_OSD_Charset_193_type8get_sizeEv
                0x08010be4        0xc obj/fonts.o
 .text._ZNK12_GLOBAL__N_125font_OSD_Charset_194_type8get_dataEv
                0x08010bf0        0x8 obj/fonts.o
 .text._ZNK12_GLOBAL__N_125font_OSD_Charset_194_type8get_sizeEv
                0x08010bf8        0xc obj/fonts.o
 .text._ZNK12_GLOBAL__N_125font_OSD_Charset_195_type8get_dataEv
                0x08010c04        0x8 obj/fonts.o
 .text._ZNK12_GLOBAL__N_125font_OSD_Charset_195_type8get_sizeEv
                0x08010c0c        0xc obj/fonts.o
 .text._ZNK12_GLOBAL__N_125font_OSD_Charset_196_type8get_dataEv
                0x08010c18        0x8 obj/fonts.o
 .text._ZNK12_GLOBAL__N_125font_OSD_Charset_196_type8get_sizeEv
                0x08010c20        0xc obj/fonts.o
 .text._ZNK12_GLOBAL__N_125font_OSD_Charset_197_type8get_dataEv
                0x08010c2c        0x8 obj/fonts.o
 .text._ZNK12_GLOBAL__N_125font_OSD_Charset_197_type8get_sizeEv
                0x08010c34        0xc obj/fonts.o
 .text._ZNK12_GLOBAL__N_125font_OSD_Charset_198_type8get_dataEv
                0x08010c40        0x8 obj/fonts.o
 .text._ZNK12_GLOBAL__N_125font_OSD_Charset_198_type8get_sizeEv
                0x08010c48        0xc obj/fonts.o
 .text._ZNK12_GLOBAL__N_125font_OSD_Charset_199_type8get_dataEv
                0x08010c54        0x8 obj/fonts.o
 .text._ZNK12_GLOBAL__N_125font_OSD_Charset_199_type8get_sizeEv
                0x08010c5c        0xc obj/fonts.o
 .text._ZNK12_GLOBAL__N_125font_OSD_Charset_200_type8get_dataEv
                0x08010c68        0x8 obj/fonts.o
 .text._ZNK12_GLOBAL__N_125font_OSD_Charset_200_type8get_sizeEv
                0x08010c70        0xc obj/fonts.o
 .text._ZNK12_GLOBAL__N_125font_OSD_Charset_201_type8get_dataEv
                0x08010c7c        0x8 obj/fonts.o
 .text._ZNK12_GLOBAL__N_125font_OSD_Charset_201_type8get_sizeEv
                0x08010c84        0xc obj/fonts.o
 .text._ZNK12_GLOBAL__N_125font_OSD_Charset_202_type8get_dataEv
                0x08010c90        0x8 obj/fonts.o
 .text._ZNK12_GLOBAL__N_125font_OSD_Charset_202_type8get_sizeEv
                0x08010c98        0xc obj/fonts.o
 .text._ZNK12_GLOBAL__N_125font_OSD_Charset_203_type8get_dataEv
                0x08010ca4        0x8 obj/fonts.o
 .text._ZNK12_GLOBAL__N_125font_OSD_Charset_203_type8get_sizeEv
                0x08010cac        0xc obj/fonts.o
 .text._ZNK12_GLOBAL__N_125font_OSD_Charset_204_type8get_dataEv
                0x08010cb8        0x8 obj/fonts.o
 .text._ZNK12_GLOBAL__N_125font_OSD_Charset_204_type8get_sizeEv
                0x08010cc0        0xc obj/fonts.o
 .text._ZNK12_GLOBAL__N_125font_OSD_Charset_205_type8get_dataEv
                0x08010ccc        0x8 obj/fonts.o
 .text._ZNK12_GLOBAL__N_125font_OSD_Charset_205_type8get_sizeEv
                0x08010cd4        0xc obj/fonts.o
 .text._ZNK12_GLOBAL__N_125font_OSD_Charset_206_type8get_dataEv
                0x08010ce0        0x8 obj/fonts.o
 .text._ZNK12_GLOBAL__N_125font_OSD_Charset_206_type8get_sizeEv
                0x08010ce8        0xc obj/fonts.o
 .text._ZNK12_GLOBAL__N_125font_OSD_Charset_207_type8get_dataEv
                0x08010cf4        0x8 obj/fonts.o
 .text._ZNK12_GLOBAL__N_125font_OSD_Charset_207_type8get_sizeEv
                0x08010cfc        0xc obj/fonts.o
 .text._ZNK12_GLOBAL__N_125font_OSD_Charset_208_type8get_dataEv
                0x08010d08        0x8 obj/fonts.o
 .text._ZNK12_GLOBAL__N_125font_OSD_Charset_208_type8get_sizeEv
                0x08010d10        0xc obj/fonts.o
 .text._ZNK12_GLOBAL__N_125font_OSD_Charset_209_type8get_dataEv
                0x08010d1c        0x8 obj/fonts.o
 .text._ZNK12_GLOBAL__N_125font_OSD_Charset_209_type8get_sizeEv
                0x08010d24        0xc obj/fonts.o
 .text._ZNK12_GLOBAL__N_125font_OSD_Charset_210_type8get_dataEv
                0x08010d30        0x8 obj/fonts.o
 .text._ZNK12_GLOBAL__N_125font_OSD_Charset_210_type8get_sizeEv
                0x08010d38        0xc obj/fonts.o
 .text._ZNK12_GLOBAL__N_125font_OSD_Charset_211_type8get_dataEv
                0x08010d44        0x8 obj/fonts.o
 .text._ZNK12_GLOBAL__N_125font_OSD_Charset_211_type8get_sizeEv
                0x08010d4c        0xc obj/fonts.o
 .text._ZNK12_GLOBAL__N_125font_OSD_Charset_212_type8get_dataEv
                0x08010d58        0x8 obj/fonts.o
 .text._ZNK12_GLOBAL__N_125font_OSD_Charset_212_type8get_sizeEv
                0x08010d60        0xc obj/fonts.o
 .text._ZNK12_GLOBAL__N_125font_OSD_Charset_213_type8get_dataEv
                0x08010d6c        0x8 obj/fonts.o
 .text._ZNK12_GLOBAL__N_125font_OSD_Charset_213_type8get_sizeEv
                0x08010d74        0xc obj/fonts.o
 .text._ZNK12_GLOBAL__N_125font_OSD_Charset_214_type8get_dataEv
                0x08010d80        0x8 obj/fonts.o
 .text._ZNK12_GLOBAL__N_125font_OSD_Charset_214_type8get_sizeEv
                0x08010d88        0xc obj/fonts.o
 .text._ZNK12_GLOBAL__N_125font_OSD_Charset_215_type8get_dataEv
                0x08010d94        0x8 obj/fonts.o
 .text._ZNK12_GLOBAL__N_125font_OSD_Charset_215_type8get_sizeEv
                0x08010d9c        0xc obj/fonts.o
 .text._ZNK12_GLOBAL__N_125font_OSD_Charset_216_type8get_dataEv
                0x08010da8        0x8 obj/fonts.o
 .text._ZNK12_GLOBAL__N_125font_OSD_Charset_216_type8get_sizeEv
                0x08010db0        0xc obj/fonts.o
 .text._ZNK12_GLOBAL__N_125font_OSD_Charset_217_type8get_dataEv
                0x08010dbc        0x8 obj/fonts.o
 .text._ZNK12_GLOBAL__N_125font_OSD_Charset_217_type8get_sizeEv
                0x08010dc4        0xc obj/fonts.o
 .text._ZNK12_GLOBAL__N_125font_OSD_Charset_218_type8get_dataEv
                0x08010dd0        0x8 obj/fonts.o
 .text._ZNK12_GLOBAL__N_125font_OSD_Charset_218_type8get_sizeEv
                0x08010dd8        0xc obj/fonts.o
 .text._ZNK12_GLOBAL__N_125font_OSD_Charset_219_type8get_dataEv
                0x08010de4        0x8 obj/fonts.o
 .text._ZNK12_GLOBAL__N_125font_OSD_Charset_219_type8get_sizeEv
                0x08010dec        0xc obj/fonts.o
 .text._ZNK12_GLOBAL__N_125font_OSD_Charset_220_type8get_dataEv
                0x08010df8        0x8 obj/fonts.o
 .text._ZNK12_GLOBAL__N_125font_OSD_Charset_220_type8get_sizeEv
                0x08010e00        0xc obj/fonts.o
 .text._ZNK12_GLOBAL__N_125font_OSD_Charset_221_type8get_dataEv
                0x08010e0c        0x8 obj/fonts.o
 .text._ZNK12_GLOBAL__N_125font_OSD_Charset_221_type8get_sizeEv
                0x08010e14        0xc obj/fonts.o
 .text._ZNK12_GLOBAL__N_125font_OSD_Charset_222_type8get_dataEv
                0x08010e20        0x8 obj/fonts.o
 .text._ZNK12_GLOBAL__N_125font_OSD_Charset_222_type8get_sizeEv
                0x08010e28        0xc obj/fonts.o
 .text._ZNK12_GLOBAL__N_125font_OSD_Charset_223_type8get_dataEv
                0x08010e34        0x8 obj/fonts.o
 .text._ZNK12_GLOBAL__N_125font_OSD_Charset_223_type8get_sizeEv
                0x08010e3c        0xc obj/fonts.o
 .text._ZNK12_GLOBAL__N_125font_OSD_Charset_224_type8get_dataEv
                0x08010e48        0x8 obj/fonts.o
 .text._ZNK12_GLOBAL__N_125font_OSD_Charset_224_type8get_sizeEv
                0x08010e50        0xc obj/fonts.o
 .text._ZNK12_GLOBAL__N_125font_OSD_Charset_225_type8get_dataEv
                0x08010e5c        0x8 obj/fonts.o
 .text._ZNK12_GLOBAL__N_125font_OSD_Charset_225_type8get_sizeEv
                0x08010e64        0xc obj/fonts.o
 .text._ZNK12_GLOBAL__N_125font_OSD_Charset_226_type8get_dataEv
                0x08010e70        0x8 obj/fonts.o
 .text._ZNK12_GLOBAL__N_125font_OSD_Charset_226_type8get_sizeEv
                0x08010e78        0xc obj/fonts.o
 .text._ZNK12_GLOBAL__N_125font_OSD_Charset_227_type8get_dataEv
                0x08010e84        0x8 obj/fonts.o
 .text._ZNK12_GLOBAL__N_125font_OSD_Charset_227_type8get_sizeEv
                0x08010e8c        0xc obj/fonts.o
 .text._ZNK12_GLOBAL__N_125font_OSD_Charset_228_type8get_dataEv
                0x08010e98        0x8 obj/fonts.o
 .text._ZNK12_GLOBAL__N_125font_OSD_Charset_228_type8get_sizeEv
                0x08010ea0        0xc obj/fonts.o
 .text._ZNK12_GLOBAL__N_125font_OSD_Charset_229_type8get_dataEv
                0x08010eac        0x8 obj/fonts.o
 .text._ZNK12_GLOBAL__N_125font_OSD_Charset_229_type8get_sizeEv
                0x08010eb4        0xc obj/fonts.o
 .text._ZNK12_GLOBAL__N_125font_OSD_Charset_230_type8get_dataEv
                0x08010ec0        0x8 obj/fonts.o
 .text._ZNK12_GLOBAL__N_125font_OSD_Charset_230_type8get_sizeEv
                0x08010ec8        0xc obj/fonts.o
 .text._ZNK12_GLOBAL__N_125font_OSD_Charset_231_type8get_dataEv
                0x08010ed4        0x8 obj/fonts.o
 .text._ZNK12_GLOBAL__N_125font_OSD_Charset_231_type8get_sizeEv
                0x08010edc        0xc obj/fonts.o
 .text._ZNK12_GLOBAL__N_125font_OSD_Charset_232_type8get_dataEv
                0x08010ee8        0x8 obj/fonts.o
 .text._ZNK12_GLOBAL__N_125font_OSD_Charset_232_type8get_sizeEv
                0x08010ef0        0xc obj/fonts.o
 .text._ZNK12_GLOBAL__N_125font_OSD_Charset_233_type8get_dataEv
                0x08010efc        0x8 obj/fonts.o
 .text._ZNK12_GLOBAL__N_125font_OSD_Charset_233_type8get_sizeEv
                0x08010f04        0xc obj/fonts.o
 .text._ZNK12_GLOBAL__N_125font_OSD_Charset_234_type8get_dataEv
                0x08010f10        0x8 obj/fonts.o
 .text._ZNK12_GLOBAL__N_125font_OSD_Charset_234_type8get_sizeEv
                0x08010f18        0xc obj/fonts.o
 .text._ZNK12_GLOBAL__N_125font_OSD_Charset_235_type8get_dataEv
                0x08010f24        0x8 obj/fonts.o
 .text._ZNK12_GLOBAL__N_125font_OSD_Charset_235_type8get_sizeEv
                0x08010f2c        0xc obj/fonts.o
 .text._ZNK12_GLOBAL__N_125font_OSD_Charset_236_type8get_dataEv
                0x08010f38        0x8 obj/fonts.o
 .text._ZNK12_GLOBAL__N_125font_OSD_Charset_236_type8get_sizeEv
                0x08010f40        0xc obj/fonts.o
 .text._ZNK12_GLOBAL__N_125font_OSD_Charset_237_type8get_dataEv
                0x08010f4c        0x8 obj/fonts.o
 .text._ZNK12_GLOBAL__N_125font_OSD_Charset_237_type8get_sizeEv
                0x08010f54        0xc obj/fonts.o
 .text._ZNK12_GLOBAL__N_125font_OSD_Charset_238_type8get_dataEv
                0x08010f60        0x8 obj/fonts.o
 .text._ZNK12_GLOBAL__N_125font_OSD_Charset_238_type8get_sizeEv
                0x08010f68        0xc obj/fonts.o
 .text._ZNK12_GLOBAL__N_125font_OSD_Charset_239_type8get_dataEv
                0x08010f74        0x8 obj/fonts.o
 .text._ZNK12_GLOBAL__N_125font_OSD_Charset_239_type8get_sizeEv
                0x08010f7c        0xc obj/fonts.o
 .text._ZNK12_GLOBAL__N_125font_OSD_Charset_240_type8get_dataEv
                0x08010f88        0x8 obj/fonts.o
 .text._ZNK12_GLOBAL__N_125font_OSD_Charset_240_type8get_sizeEv
                0x08010f90        0xc obj/fonts.o
 .text._ZNK12_GLOBAL__N_125font_OSD_Charset_241_type8get_dataEv
                0x08010f9c        0x8 obj/fonts.o
 .text._ZNK12_GLOBAL__N_125font_OSD_Charset_241_type8get_sizeEv
                0x08010fa4        0xc obj/fonts.o
 .text._ZNK12_GLOBAL__N_125font_OSD_Charset_242_type8get_dataEv
                0x08010fb0        0x8 obj/fonts.o
 .text._ZNK12_GLOBAL__N_125font_OSD_Charset_242_type8get_sizeEv
                0x08010fb8        0xc obj/fonts.o
 .text._ZNK12_GLOBAL__N_125font_OSD_Charset_243_type8get_dataEv
                0x08010fc4        0x8 obj/fonts.o
 .text._ZNK12_GLOBAL__N_125font_OSD_Charset_243_type8get_sizeEv
                0x08010fcc        0xc obj/fonts.o
 .text._ZNK12_GLOBAL__N_125font_OSD_Charset_244_type8get_dataEv
                0x08010fd8        0x8 obj/fonts.o
 .text._ZNK12_GLOBAL__N_125font_OSD_Charset_244_type8get_sizeEv
                0x08010fe0        0xc obj/fonts.o
 .text._ZNK12_GLOBAL__N_125font_OSD_Charset_245_type8get_dataEv
                0x08010fec        0x8 obj/fonts.o
 .text._ZNK12_GLOBAL__N_125font_OSD_Charset_245_type8get_sizeEv
                0x08010ff4        0xc obj/fonts.o
 .text._ZNK12_GLOBAL__N_125font_OSD_Charset_246_type8get_dataEv
                0x08011000        0x8 obj/fonts.o
 .text._ZNK12_GLOBAL__N_125font_OSD_Charset_246_type8get_sizeEv
                0x08011008        0xc obj/fonts.o
 .text._ZNK12_GLOBAL__N_125font_OSD_Charset_247_type8get_dataEv
                0x08011014        0x8 obj/fonts.o
 .text._ZNK12_GLOBAL__N_125font_OSD_Charset_247_type8get_sizeEv
                0x0801101c        0xc obj/fonts.o
 .text._ZNK12_GLOBAL__N_125font_OSD_Charset_248_type8get_dataEv
                0x08011028        0x8 obj/fonts.o
 .text._ZNK12_GLOBAL__N_125font_OSD_Charset_248_type8get_sizeEv
                0x08011030        0xc obj/fonts.o
 .text._ZNK12_GLOBAL__N_125font_OSD_Charset_249_type8get_dataEv
                0x0801103c        0x8 obj/fonts.o
 .text._ZNK12_GLOBAL__N_125font_OSD_Charset_249_type8get_sizeEv
                0x08011044        0xc obj/fonts.o
 .text._ZNK12_GLOBAL__N_125font_OSD_Charset_250_type8get_dataEv
                0x08011050        0x8 obj/fonts.o
 .text._ZNK12_GLOBAL__N_125font_OSD_Charset_250_type8get_sizeEv
                0x08011058        0xc obj/fonts.o
 .text._ZNK12_GLOBAL__N_125font_OSD_Charset_251_type8get_dataEv
                0x08011064        0x8 obj/fonts.o
 .text._ZNK12_GLOBAL__N_125font_OSD_Charset_251_type8get_sizeEv
                0x0801106c        0xc obj/fonts.o
 .text._ZNK12_GLOBAL__N_125font_OSD_Charset_252_type8get_dataEv
                0x08011078        0x8 obj/fonts.o
 .text._ZNK12_GLOBAL__N_125font_OSD_Charset_252_type8get_sizeEv
                0x08011080        0xc obj/fonts.o
 .text._ZNK12_GLOBAL__N_125font_OSD_Charset_253_type8get_dataEv
                0x0801108c        0x8 obj/fonts.o
 .text._ZNK12_GLOBAL__N_125font_OSD_Charset_253_type8get_sizeEv
                0x08011094        0xc obj/fonts.o
 .text._ZNK12_GLOBAL__N_125font_OSD_Charset_254_type8get_dataEv
                0x080110a0        0x8 obj/fonts.o
 .text._ZNK12_GLOBAL__N_125font_OSD_Charset_254_type8get_sizeEv
                0x080110a8        0xc obj/fonts.o
 .text._ZNK12_GLOBAL__N_125font_OSD_Charset_255_type8get_dataEv
                0x080110b4        0x8 obj/fonts.o
 .text._ZNK12_GLOBAL__N_125font_OSD_Charset_255_type8get_sizeEv
                0x080110bc        0xc obj/fonts.o
 .text._ZNK12_GLOBAL__N_121font_OSD_Charset_type9get_beginEv
                0x080110c8        0x4 obj/fonts.o
 .text._ZNK12_GLOBAL__N_121font_OSD_Charset_type15get_char_heightEv
                0x080110cc        0x4 obj/fonts.o
 .text._ZNK12_GLOBAL__N_121font_OSD_Charset_type14get_char_widthEv
                0x080110d0        0x4 obj/fonts.o
 .text._ZNK12_GLOBAL__N_121font_OSD_Charset_type16get_num_elementsEv
                0x080110d4        0x8 obj/fonts.o
 .text._ZNK12_GLOBAL__N_121font_OSD_Charset_type11get_char_atEl
                0x080110dc       0x20 obj/fonts.o
 .text._ZNK12_GLOBAL__N_118font_MWOSD_32_type8get_dataEv
                0x080110fc        0x8 obj/fonts.o
 .text._ZNK12_GLOBAL__N_118font_MWOSD_32_type8get_sizeEv
                0x08011104        0xc obj/fonts.o
 .text._ZNK12_GLOBAL__N_118font_MWOSD_33_type8get_dataEv
                0x08011110        0x8 obj/fonts.o
 .text._ZNK12_GLOBAL__N_118font_MWOSD_33_type8get_sizeEv
                0x08011118        0xc obj/fonts.o
 .text._ZNK12_GLOBAL__N_118font_MWOSD_34_type8get_dataEv
                0x08011124        0x8 obj/fonts.o
 .text._ZNK12_GLOBAL__N_118font_MWOSD_34_type8get_sizeEv
                0x0801112c        0xc obj/fonts.o
 .text._ZNK12_GLOBAL__N_118font_MWOSD_35_type8get_dataEv
                0x08011138        0x8 obj/fonts.o
 .text._ZNK12_GLOBAL__N_118font_MWOSD_35_type8get_sizeEv
                0x08011140        0xc obj/fonts.o
 .text._ZNK12_GLOBAL__N_118font_MWOSD_36_type8get_dataEv
                0x0801114c        0x8 obj/fonts.o
 .text._ZNK12_GLOBAL__N_118font_MWOSD_36_type8get_sizeEv
                0x08011154        0xc obj/fonts.o
 .text._ZNK12_GLOBAL__N_118font_MWOSD_37_type8get_dataEv
                0x08011160        0x8 obj/fonts.o
 .text._ZNK12_GLOBAL__N_118font_MWOSD_37_type8get_sizeEv
                0x08011168        0xc obj/fonts.o
 .text._ZNK12_GLOBAL__N_118font_MWOSD_38_type8get_dataEv
                0x08011174        0x8 obj/fonts.o
 .text._ZNK12_GLOBAL__N_118font_MWOSD_38_type8get_sizeEv
                0x0801117c        0xc obj/fonts.o
 .text._ZNK12_GLOBAL__N_118font_MWOSD_39_type8get_dataEv
                0x08011188        0x8 obj/fonts.o
 .text._ZNK12_GLOBAL__N_118font_MWOSD_39_type8get_sizeEv
                0x08011190        0xc obj/fonts.o
 .text._ZNK12_GLOBAL__N_118font_MWOSD_40_type8get_dataEv
                0x0801119c        0x8 obj/fonts.o
 .text._ZNK12_GLOBAL__N_118font_MWOSD_40_type8get_sizeEv
                0x080111a4        0xc obj/fonts.o
 .text._ZNK12_GLOBAL__N_118font_MWOSD_41_type8get_dataEv
                0x080111b0        0x8 obj/fonts.o
 .text._ZNK12_GLOBAL__N_118font_MWOSD_41_type8get_sizeEv
                0x080111b8        0xc obj/fonts.o
 .text._ZNK12_GLOBAL__N_118font_MWOSD_42_type8get_dataEv
                0x080111c4        0x8 obj/fonts.o
 .text._ZNK12_GLOBAL__N_118font_MWOSD_42_type8get_sizeEv
                0x080111cc        0xc obj/fonts.o
 .text._ZNK12_GLOBAL__N_118font_MWOSD_43_type8get_dataEv
                0x080111d8        0x8 obj/fonts.o
 .text._ZNK12_GLOBAL__N_118font_MWOSD_43_type8get_sizeEv
                0x080111e0        0xc obj/fonts.o
 .text._ZNK12_GLOBAL__N_118font_MWOSD_44_type8get_dataEv
                0x080111ec        0x8 obj/fonts.o
 .text._ZNK12_GLOBAL__N_118font_MWOSD_44_type8get_sizeEv
                0x080111f4        0xc obj/fonts.o
 .text._ZNK12_GLOBAL__N_118font_MWOSD_45_type8get_dataEv
                0x08011200        0x8 obj/fonts.o
 .text._ZNK12_GLOBAL__N_118font_MWOSD_45_type8get_sizeEv
                0x08011208        0xc obj/fonts.o
 .text._ZNK12_GLOBAL__N_118font_MWOSD_46_type8get_dataEv
                0x08011214        0x8 obj/fonts.o
 .text._ZNK12_GLOBAL__N_118font_MWOSD_46_type8get_sizeEv
                0x0801121c        0xc obj/fonts.o
 .text._ZNK12_GLOBAL__N_118font_MWOSD_47_type8get_dataEv
                0x08011228        0x8 obj/fonts.o
 .text._ZNK12_GLOBAL__N_118font_MWOSD_47_type8get_sizeEv
                0x08011230        0xc obj/fonts.o
 .text._ZNK12_GLOBAL__N_118font_MWOSD_48_type8get_dataEv
                0x0801123c        0x8 obj/fonts.o
 .text._ZNK12_GLOBAL__N_118font_MWOSD_48_type8get_sizeEv
                0x08011244        0xc obj/fonts.o
 .text._ZNK12_GLOBAL__N_118font_MWOSD_49_type8get_dataEv
                0x08011250        0x8 obj/fonts.o
 .text._ZNK12_GLOBAL__N_118font_MWOSD_49_type8get_sizeEv
                0x08011258        0xc obj/fonts.o
 .text._ZNK12_GLOBAL__N_118font_MWOSD_50_type8get_dataEv
                0x08011264        0x8 obj/fonts.o
 .text._ZNK12_GLOBAL__N_118font_MWOSD_50_type8get_sizeEv
                0x0801126c        0xc obj/fonts.o
 .text._ZNK12_GLOBAL__N_118font_MWOSD_51_type8get_dataEv
                0x08011278        0x8 obj/fonts.o
 .text._ZNK12_GLOBAL__N_118font_MWOSD_51_type8get_sizeEv
                0x08011280        0xc obj/fonts.o
 .text._ZNK12_GLOBAL__N_118font_MWOSD_52_type8get_dataEv
                0x0801128c        0x8 obj/fonts.o
 .text._ZNK12_GLOBAL__N_118font_MWOSD_52_type8get_sizeEv
                0x08011294        0xc obj/fonts.o
 .text._ZNK12_GLOBAL__N_118font_MWOSD_53_type8get_dataEv
                0x080112a0        0x8 obj/fonts.o
 .text._ZNK12_GLOBAL__N_118font_MWOSD_53_type8get_sizeEv
                0x080112a8        0xc obj/fonts.o
 .text._ZNK12_GLOBAL__N_118font_MWOSD_54_type8get_dataEv
                0x080112b4        0x8 obj/fonts.o
 .text._ZNK12_GLOBAL__N_118font_MWOSD_54_type8get_sizeEv
                0x080112bc        0xc obj/fonts.o
 .text._ZNK12_GLOBAL__N_118font_MWOSD_55_type8get_dataEv
                0x080112c8        0x8 obj/fonts.o
 .text._ZNK12_GLOBAL__N_118font_MWOSD_55_type8get_sizeEv
                0x080112d0        0xc obj/fonts.o
 .text._ZNK12_GLOBAL__N_118font_MWOSD_56_type8get_dataEv
                0x080112dc        0x8 obj/fonts.o
 .text._ZNK12_GLOBAL__N_118font_MWOSD_56_type8get_sizeEv
                0x080112e4        0xc obj/fonts.o
 .text._ZNK12_GLOBAL__N_118font_MWOSD_57_type8get_dataEv
                0x080112f0        0x8 obj/fonts.o
 .text._ZNK12_GLOBAL__N_118font_MWOSD_57_type8get_sizeEv
                0x080112f8        0xc obj/fonts.o
 .text._ZNK12_GLOBAL__N_118font_MWOSD_58_type8get_dataEv
                0x08011304        0x8 obj/fonts.o
 .text._ZNK12_GLOBAL__N_118font_MWOSD_58_type8get_sizeEv
                0x0801130c        0xc obj/fonts.o
 .text._ZNK12_GLOBAL__N_118font_MWOSD_59_type8get_dataEv
                0x08011318        0x8 obj/fonts.o
 .text._ZNK12_GLOBAL__N_118font_MWOSD_59_type8get_sizeEv
                0x08011320        0xc obj/fonts.o
 .text._ZNK12_GLOBAL__N_118font_MWOSD_60_type8get_dataEv
                0x0801132c        0x8 obj/fonts.o
 .text._ZNK12_GLOBAL__N_118font_MWOSD_60_type8get_sizeEv
                0x08011334        0xc obj/fonts.o
 .text._ZNK12_GLOBAL__N_118font_MWOSD_61_type8get_dataEv
                0x08011340        0x8 obj/fonts.o
 .text._ZNK12_GLOBAL__N_118font_MWOSD_61_type8get_sizeEv
                0x08011348        0xc obj/fonts.o
 .text._ZNK12_GLOBAL__N_118font_MWOSD_62_type8get_dataEv
                0x08011354        0x8 obj/fonts.o
 .text._ZNK12_GLOBAL__N_118font_MWOSD_62_type8get_sizeEv
                0x0801135c        0xc obj/fonts.o
 .text._ZNK12_GLOBAL__N_118font_MWOSD_63_type8get_dataEv
                0x08011368        0x8 obj/fonts.o
 .text._ZNK12_GLOBAL__N_118font_MWOSD_63_type8get_sizeEv
                0x08011370        0xc obj/fonts.o
 .text._ZNK12_GLOBAL__N_118font_MWOSD_64_type8get_dataEv
                0x0801137c        0x8 obj/fonts.o
 .text._ZNK12_GLOBAL__N_118font_MWOSD_64_type8get_sizeEv
                0x08011384        0xc obj/fonts.o
 .text._ZNK12_GLOBAL__N_118font_MWOSD_65_type8get_dataEv
                0x08011390        0x8 obj/fonts.o
 .text._ZNK12_GLOBAL__N_118font_MWOSD_65_type8get_sizeEv
                0x08011398        0xc obj/fonts.o
 .text._ZNK12_GLOBAL__N_118font_MWOSD_66_type8get_dataEv
                0x080113a4        0x8 obj/fonts.o
 .text._ZNK12_GLOBAL__N_118font_MWOSD_66_type8get_sizeEv
                0x080113ac        0xc obj/fonts.o
 .text._ZNK12_GLOBAL__N_118font_MWOSD_67_type8get_dataEv
                0x080113b8        0x8 obj/fonts.o
 .text._ZNK12_GLOBAL__N_118font_MWOSD_67_type8get_sizeEv
                0x080113c0        0xc obj/fonts.o
 .text._ZNK12_GLOBAL__N_118font_MWOSD_68_type8get_dataEv
                0x080113cc        0x8 obj/fonts.o
 .text._ZNK12_GLOBAL__N_118font_MWOSD_68_type8get_sizeEv
                0x080113d4        0xc obj/fonts.o
 .text._ZNK12_GLOBAL__N_118font_MWOSD_69_type8get_dataEv
                0x080113e0        0x8 obj/fonts.o
 .text._ZNK12_GLOBAL__N_118font_MWOSD_69_type8get_sizeEv
                0x080113e8        0xc obj/fonts.o
 .text._ZNK12_GLOBAL__N_118font_MWOSD_70_type8get_dataEv
                0x080113f4        0x8 obj/fonts.o
 .text._ZNK12_GLOBAL__N_118font_MWOSD_70_type8get_sizeEv
                0x080113fc        0xc obj/fonts.o
 .text._ZNK12_GLOBAL__N_118font_MWOSD_71_type8get_dataEv
                0x08011408        0x8 obj/fonts.o
 .text._ZNK12_GLOBAL__N_118font_MWOSD_71_type8get_sizeEv
                0x08011410        0xc obj/fonts.o
 .text._ZNK12_GLOBAL__N_118font_MWOSD_72_type8get_dataEv
                0x0801141c        0x8 obj/fonts.o
 .text._ZNK12_GLOBAL__N_118font_MWOSD_72_type8get_sizeEv
                0x08011424        0xc obj/fonts.o
 .text._ZNK12_GLOBAL__N_118font_MWOSD_73_type8get_dataEv
                0x08011430        0x8 obj/fonts.o
 .text._ZNK12_GLOBAL__N_118font_MWOSD_73_type8get_sizeEv
                0x08011438        0xc obj/fonts.o
 .text._ZNK12_GLOBAL__N_118font_MWOSD_74_type8get_dataEv
                0x08011444        0x8 obj/fonts.o
 .text._ZNK12_GLOBAL__N_118font_MWOSD_74_type8get_sizeEv
                0x0801144c        0xc obj/fonts.o
 .text._ZNK12_GLOBAL__N_118font_MWOSD_75_type8get_dataEv
                0x08011458        0x8 obj/fonts.o
 .text._ZNK12_GLOBAL__N_118font_MWOSD_75_type8get_sizeEv
                0x08011460        0xc obj/fonts.o
 .text._ZNK12_GLOBAL__N_118font_MWOSD_76_type8get_dataEv
                0x0801146c        0x8 obj/fonts.o
 .text._ZNK12_GLOBAL__N_118font_MWOSD_76_type8get_sizeEv
                0x08011474        0xc obj/fonts.o
 .text._ZNK12_GLOBAL__N_118font_MWOSD_77_type8get_dataEv
                0x08011480        0x8 obj/fonts.o
 .text._ZNK12_GLOBAL__N_118font_MWOSD_77_type8get_sizeEv
                0x08011488        0xc obj/fonts.o
 .text._ZNK12_GLOBAL__N_118font_MWOSD_78_type8get_dataEv
                0x08011494        0x8 obj/fonts.o
 .text._ZNK12_GLOBAL__N_118font_MWOSD_78_type8get_sizeEv
                0x0801149c        0xc obj/fonts.o
 .text._ZNK12_GLOBAL__N_118font_MWOSD_79_type8get_dataEv
                0x080114a8        0x8 obj/fonts.o
 .text._ZNK12_GLOBAL__N_118font_MWOSD_79_type8get_sizeEv
                0x080114b0        0xc obj/fonts.o
 .text._ZNK12_GLOBAL__N_118font_MWOSD_80_type8get_dataEv
                0x080114bc        0x8 obj/fonts.o
 .text._ZNK12_GLOBAL__N_118font_MWOSD_80_type8get_sizeEv
                0x080114c4        0xc obj/fonts.o
 .text._ZNK12_GLOBAL__N_118font_MWOSD_81_type8get_dataEv
                0x080114d0        0x8 obj/fonts.o
 .text._ZNK12_GLOBAL__N_118font_MWOSD_81_type8get_sizeEv
                0x080114d8        0xc obj/fonts.o
 .text._ZNK12_GLOBAL__N_118font_MWOSD_82_type8get_dataEv
                0x080114e4        0x8 obj/fonts.o
 .text._ZNK12_GLOBAL__N_118font_MWOSD_82_type8get_sizeEv
                0x080114ec        0xc obj/fonts.o
 .text._ZNK12_GLOBAL__N_118font_MWOSD_83_type8get_dataEv
                0x080114f8        0x8 obj/fonts.o
 .text._ZNK12_GLOBAL__N_118font_MWOSD_83_type8get_sizeEv
                0x08011500        0xc obj/fonts.o
 .text._ZNK12_GLOBAL__N_118font_MWOSD_84_type8get_dataEv
                0x0801150c        0x8 obj/fonts.o
 .text._ZNK12_GLOBAL__N_118font_MWOSD_84_type8get_sizeEv
                0x08011514        0xc obj/fonts.o
 .text._ZNK12_GLOBAL__N_118font_MWOSD_85_type8get_dataEv
                0x08011520        0x8 obj/fonts.o
 .text._ZNK12_GLOBAL__N_118font_MWOSD_85_type8get_sizeEv
                0x08011528        0xc obj/fonts.o
 .text._ZNK12_GLOBAL__N_118font_MWOSD_86_type8get_dataEv
                0x08011534        0x8 obj/fonts.o
 .text._ZNK12_GLOBAL__N_118font_MWOSD_86_type8get_sizeEv
                0x0801153c        0xc obj/fonts.o
 .text._ZNK12_GLOBAL__N_118font_MWOSD_87_type8get_dataEv
                0x08011548        0x8 obj/fonts.o
 .text._ZNK12_GLOBAL__N_118font_MWOSD_87_type8get_sizeEv
                0x08011550        0xc obj/fonts.o
 .text._ZNK12_GLOBAL__N_118font_MWOSD_88_type8get_dataEv
                0x0801155c        0x8 obj/fonts.o
 .text._ZNK12_GLOBAL__N_118font_MWOSD_88_type8get_sizeEv
                0x08011564        0xc obj/fonts.o
 .text._ZNK12_GLOBAL__N_118font_MWOSD_89_type8get_dataEv
                0x08011570        0x8 obj/fonts.o
 .text._ZNK12_GLOBAL__N_118font_MWOSD_89_type8get_sizeEv
                0x08011578        0xc obj/fonts.o
 .text._ZNK12_GLOBAL__N_118font_MWOSD_90_type8get_dataEv
                0x08011584        0x8 obj/fonts.o
 .text._ZNK12_GLOBAL__N_118font_MWOSD_90_type8get_sizeEv
                0x0801158c        0xc obj/fonts.o
 .text._ZNK12_GLOBAL__N_118font_MWOSD_91_type8get_dataEv
                0x08011598        0x8 obj/fonts.o
 .text._ZNK12_GLOBAL__N_118font_MWOSD_91_type8get_sizeEv
                0x080115a0        0xc obj/fonts.o
 .text._ZNK12_GLOBAL__N_118font_MWOSD_92_type8get_dataEv
                0x080115ac        0x8 obj/fonts.o
 .text._ZNK12_GLOBAL__N_118font_MWOSD_92_type8get_sizeEv
                0x080115b4        0xc obj/fonts.o
 .text._ZNK12_GLOBAL__N_118font_MWOSD_93_type8get_dataEv
                0x080115c0        0x8 obj/fonts.o
 .text._ZNK12_GLOBAL__N_118font_MWOSD_93_type8get_sizeEv
                0x080115c8        0xc obj/fonts.o
 .text._ZNK12_GLOBAL__N_118font_MWOSD_94_type8get_dataEv
                0x080115d4        0x8 obj/fonts.o
 .text._ZNK12_GLOBAL__N_118font_MWOSD_94_type8get_sizeEv
                0x080115dc        0xc obj/fonts.o
 .text._ZNK12_GLOBAL__N_118font_MWOSD_95_type8get_dataEv
                0x080115e8        0x8 obj/fonts.o
 .text._ZNK12_GLOBAL__N_118font_MWOSD_95_type8get_sizeEv
                0x080115f0        0xc obj/fonts.o
 .text._ZNK12_GLOBAL__N_118font_MWOSD_96_type8get_dataEv
                0x080115fc        0x8 obj/fonts.o
 .text._ZNK12_GLOBAL__N_118font_MWOSD_96_type8get_sizeEv
                0x08011604        0xc obj/fonts.o
 .text._ZNK12_GLOBAL__N_118font_MWOSD_97_type8get_dataEv
                0x08011610        0x8 obj/fonts.o
 .text._ZNK12_GLOBAL__N_118font_MWOSD_97_type8get_sizeEv
                0x08011618        0xc obj/fonts.o
 .text._ZNK12_GLOBAL__N_118font_MWOSD_98_type8get_dataEv
                0x08011624        0x8 obj/fonts.o
 .text._ZNK12_GLOBAL__N_118font_MWOSD_98_type8get_sizeEv
                0x0801162c        0xc obj/fonts.o
 .text._ZNK12_GLOBAL__N_118font_MWOSD_99_type8get_dataEv
                0x08011638        0x8 obj/fonts.o
 .text._ZNK12_GLOBAL__N_118font_MWOSD_99_type8get_sizeEv
                0x08011640        0xc obj/fonts.o
 .text._ZNK12_GLOBAL__N_119font_MWOSD_100_type8get_dataEv
                0x0801164c        0x8 obj/fonts.o
 .text._ZNK12_GLOBAL__N_119font_MWOSD_100_type8get_sizeEv
                0x08011654        0xc obj/fonts.o
 .text._ZNK12_GLOBAL__N_119font_MWOSD_101_type8get_dataEv
                0x08011660        0x8 obj/fonts.o
 .text._ZNK12_GLOBAL__N_119font_MWOSD_101_type8get_sizeEv
                0x08011668        0xc obj/fonts.o
 .text._ZNK12_GLOBAL__N_119font_MWOSD_102_type8get_dataEv
                0x08011674        0x8 obj/fonts.o